EXTI_program.c:15:6:MEXTI_voidInit	16	static
EXTI_program.c:33:6:MEXTI_voidEnableEXTI	16	static
EXTI_program.c:37:6:MEXTI_voidDisableEXTI	16	static
EXTI_program.c:41:6:MEXTI_voidSwTrigger	16	static
EXTI_program.c:46:6:MEXTI_voidSetSignalLatch	16	static
EXTI_program.c:57:6:MEXTI_voidSetCallBack	16	static
EXTI_program.c:63:4:MEXTI_u8GetInterruptStatus	16	static
EXTI_program.c:68:6:EXTI0_IRQHandler	8	static
EXTI_program.c:74:6:EXTI1_IRQHandler	8	static
EXTI_program.c:79:6:EXTI2_IRQHandler	8	static
EXTI_program.c:84:6:EXTI3_IRQHandler	8	static
EXTI_program.c:89:6:EXTI4_IRQHandler	8	static
EXTI_program.c:94:6:EXTI9_5_IRQHandler	8	static
EXTI_program.c:126:6:EXTI15_10_IRQHandler	8	static
