main.c:54:5:main	352	static
main.c:115:6:Process_Record	32	static
main.c:139:6:Read_Record	32	static
main.c:166:6:Display_Record	64	static
main.c:215:6:Peripheral_Enable	8	static
main.c:232:6:Pin_init	8	static
main.c:252:6:ExternalInterruptConfig	8	static
main.c:274:6:EnableInterrupts	8	static
main.c:298:6:MeasureFrequency	8	static
main.c:318:6:Init_Osciliscope	16	static
main.c:336:6:Sleep_Oscilloscope	8	static
main.c:347:6:Start_Oscilloscope	16	static
main.c:400:6:HorizontalZoomIn	8	static
main.c:409:6:HorizontalZoomOut	8	static
main.c:419:6:VerticalZoomIn	8	static
main.c:428:6:VerticalZoomOut	8	static
