Archive member included to satisfy reference by file (symbol)

c:/program files (x86)/atollic/truestudio for stm32 9.3.0/armtools/bin/../lib/gcc/arm-atollic-eabi/6.3.1/../../../../arm-atollic-eabi/lib/armv7-m\libc_nano.a(lib_a-init.o)
                              src\startup_stm32f10x_md.o (__libc_init_array)
c:/program files (x86)/atollic/truestudio for stm32 9.3.0/armtools/bin/../lib/gcc/arm-atollic-eabi/6.3.1/../../../../arm-atollic-eabi/lib/armv7-m\libc_nano.a(lib_a-strlen.o)
                              src\tiny_printf.o (strlen)
c:/program files (x86)/atollic/truestudio for stm32 9.3.0/armtools/bin/../lib/gcc/arm-atollic-eabi/6.3.1/../../../../arm-atollic-eabi/lib/armv7-m\libm.a(lib_a-w_pow.o)
                              src\FLOATtoARRAY.o (pow)
c:/program files (x86)/atollic/truestudio for stm32 9.3.0/armtools/bin/../lib/gcc/arm-atollic-eabi/6.3.1/../../../../arm-atollic-eabi/lib/armv7-m\libm.a(lib_a-e_pow.o)
                              c:/program files (x86)/atollic/truestudio for stm32 9.3.0/armtools/bin/../lib/gcc/arm-atollic-eabi/6.3.1/../../../../arm-atollic-eabi/lib/armv7-m\libm.a(lib_a-w_pow.o) (__ieee754_pow)
c:/program files (x86)/atollic/truestudio for stm32 9.3.0/armtools/bin/../lib/gcc/arm-atollic-eabi/6.3.1/../../../../arm-atollic-eabi/lib/armv7-m\libm.a(lib_a-e_sqrt.o)
                              c:/program files (x86)/atollic/truestudio for stm32 9.3.0/armtools/bin/../lib/gcc/arm-atollic-eabi/6.3.1/../../../../arm-atollic-eabi/lib/armv7-m\libm.a(lib_a-e_pow.o) (__ieee754_sqrt)
c:/program files (x86)/atollic/truestudio for stm32 9.3.0/armtools/bin/../lib/gcc/arm-atollic-eabi/6.3.1/../../../../arm-atollic-eabi/lib/armv7-m\libm.a(lib_a-s_fabs.o)
                              c:/program files (x86)/atollic/truestudio for stm32 9.3.0/armtools/bin/../lib/gcc/arm-atollic-eabi/6.3.1/../../../../arm-atollic-eabi/lib/armv7-m\libm.a(lib_a-e_pow.o) (fabs)
c:/program files (x86)/atollic/truestudio for stm32 9.3.0/armtools/bin/../lib/gcc/arm-atollic-eabi/6.3.1/../../../../arm-atollic-eabi/lib/armv7-m\libm.a(lib_a-s_finite.o)
                              c:/program files (x86)/atollic/truestudio for stm32 9.3.0/armtools/bin/../lib/gcc/arm-atollic-eabi/6.3.1/../../../../arm-atollic-eabi/lib/armv7-m\libm.a(lib_a-w_pow.o) (finite)
c:/program files (x86)/atollic/truestudio for stm32 9.3.0/armtools/bin/../lib/gcc/arm-atollic-eabi/6.3.1/../../../../arm-atollic-eabi/lib/armv7-m\libm.a(lib_a-s_lib_ver.o)
                              c:/program files (x86)/atollic/truestudio for stm32 9.3.0/armtools/bin/../lib/gcc/arm-atollic-eabi/6.3.1/../../../../arm-atollic-eabi/lib/armv7-m\libm.a(lib_a-w_pow.o) (__fdlib_version)
c:/program files (x86)/atollic/truestudio for stm32 9.3.0/armtools/bin/../lib/gcc/arm-atollic-eabi/6.3.1/../../../../arm-atollic-eabi/lib/armv7-m\libm.a(lib_a-s_matherr.o)
                              c:/program files (x86)/atollic/truestudio for stm32 9.3.0/armtools/bin/../lib/gcc/arm-atollic-eabi/6.3.1/../../../../arm-atollic-eabi/lib/armv7-m\libm.a(lib_a-w_pow.o) (matherr)
c:/program files (x86)/atollic/truestudio for stm32 9.3.0/armtools/bin/../lib/gcc/arm-atollic-eabi/6.3.1/../../../../arm-atollic-eabi/lib/armv7-m\libm.a(lib_a-s_nan.o)
                              c:/program files (x86)/atollic/truestudio for stm32 9.3.0/armtools/bin/../lib/gcc/arm-atollic-eabi/6.3.1/../../../../arm-atollic-eabi/lib/armv7-m\libm.a(lib_a-e_pow.o) (nan)
c:/program files (x86)/atollic/truestudio for stm32 9.3.0/armtools/bin/../lib/gcc/arm-atollic-eabi/6.3.1/../../../../arm-atollic-eabi/lib/armv7-m\libm.a(lib_a-s_rint.o)
                              c:/program files (x86)/atollic/truestudio for stm32 9.3.0/armtools/bin/../lib/gcc/arm-atollic-eabi/6.3.1/../../../../arm-atollic-eabi/lib/armv7-m\libm.a(lib_a-w_pow.o) (rint)
c:/program files (x86)/atollic/truestudio for stm32 9.3.0/armtools/bin/../lib/gcc/arm-atollic-eabi/6.3.1/../../../../arm-atollic-eabi/lib/armv7-m\libm.a(lib_a-s_scalbn.o)
                              c:/program files (x86)/atollic/truestudio for stm32 9.3.0/armtools/bin/../lib/gcc/arm-atollic-eabi/6.3.1/../../../../arm-atollic-eabi/lib/armv7-m\libm.a(lib_a-e_pow.o) (scalbn)
c:/program files (x86)/atollic/truestudio for stm32 9.3.0/armtools/bin/../lib/gcc/arm-atollic-eabi/6.3.1/../../../../arm-atollic-eabi/lib/armv7-m\libm.a(lib_a-s_copysign.o)
                              c:/program files (x86)/atollic/truestudio for stm32 9.3.0/armtools/bin/../lib/gcc/arm-atollic-eabi/6.3.1/../../../../arm-atollic-eabi/lib/armv7-m\libm.a(lib_a-s_scalbn.o) (copysign)
c:/program files (x86)/atollic/truestudio for stm32 9.3.0/armtools/bin/../lib/gcc/arm-atollic-eabi/6.3.1/../../../../arm-atollic-eabi/lib/armv7-m\libc_nano.a(lib_a-errno.o)
                              c:/program files (x86)/atollic/truestudio for stm32 9.3.0/armtools/bin/../lib/gcc/arm-atollic-eabi/6.3.1/../../../../arm-atollic-eabi/lib/armv7-m\libm.a(lib_a-w_pow.o) (__errno)
[...]
Memory Configuration

Name             Origin             Length             Attributes
FLASH            0x08000000         0x00010000         xr
RAM              0x20000000         0x00005000         xrw
MEMORY_B1        0x60000000         0x00000000         xr
*default*        0x00000000         0xffffffff

Linker script and memory map

LOAD c:/program files (x86)/atollic/truestudio for stm32 9.3.0/armtools/bin/../lib/gcc/arm-atollic-eabi/6.3.1/armv7-m/crti.o
LOAD c:/program files (x86)/atollic/truestudio for stm32 9.3.0/armtools/bin/../lib/gcc/arm-atollic-eabi/6.3.1/armv7-m/crtbegin.o
LOAD Libraries\STM32F10x_StdPeriph_Driver\src\misc.o
LOAD Libraries\STM32F10x_StdPeriph_Driver\src\stm32f10x_adc.o
LOAD Libraries\STM32F10x_StdPeriph_Driver\src\stm32f10x_bkp.o
LOAD Libraries\STM32F10x_StdPeriph_Driver\src\stm32f10x_can.o
LOAD Libraries\STM32F10x_StdPeriph_Driver\src\stm32f10x_cec.o
LOAD Libraries\STM32F10x_StdPeriph_Driver\src\stm32f10x_crc.o
LOAD Libraries\STM32F10x_StdPeriph_Driver\src\stm32f10x_dac.o
LOAD Libraries\STM32F10x_StdPeriph_Driver\src\stm32f10x_dbgmcu.o
LOAD Libraries\STM32F10x_StdPeriph_Driver\src\stm32f10x_dma.o
LOAD Libraries\STM32F10x_StdPeriph_Driver\src\stm32f10x_exti.o
LOAD Libraries\STM32F10x_StdPeriph_Driver\src\stm32f10x_flash.o
LOAD Libraries\STM32F10x_StdPeriph_Driver\src\stm32f10x_fsmc.o
LOAD Libraries\STM32F10x_StdPeriph_Driver\src\stm32f10x_gpio.o
LOAD Libraries\STM32F10x_StdPeriph_Driver\src\stm32f10x_i2c.o
LOAD Libraries\STM32F10x_StdPeriph_Driver\src\stm32f10x_iwdg.o
LOAD Libraries\STM32F10x_StdPeriph_Driver\src\stm32f10x_pwr.o
LOAD Libraries\STM32F10x_StdPeriph_Driver\src\stm32f10x_rcc.o
LOAD Libraries\STM32F10x_StdPeriph_Driver\src\stm32f10x_rtc.o
LOAD Libraries\STM32F10x_StdPeriph_Driver\src\stm32f10x_sdio.o
LOAD Libraries\STM32F10x_StdPeriph_Driver\src\stm32f10x_spi.o
LOAD Libraries\STM32F10x_StdPeriph_Driver\src\stm32f10x_tim.o
LOAD Libraries\STM32F10x_StdPeriph_Driver\src\stm32f10x_usart.o
LOAD Libraries\STM32F10x_StdPeriph_Driver\src\stm32f10x_wwdg.o
LOAD src\ADC_program.o
LOAD src\AFIO_program.o
LOAD src\EXTI_program.o
LOAD src\FLOATtoARRAY.o
LOAD src\Font.o
LOAD src\GPIO_program.o
LOAD src\NVIC_program.o
LOAD src\RCC_program.o
LOAD src\SPI_program.o
LOAD src\STK_program.o
LOAD src\TFT_program.o
LOAD src\TIMER2_program.o
LOAD src\main.o
LOAD src\startup_stm32f10x_md.o
LOAD src\stm32f1xx_it.o
LOAD src\system_stm32f10x.o
LOAD src\tiny_printf.o
                0x00000080                malloc_getpagesize_P = 0x80
START GROUP
LOAD c:/program files (x86)/atollic/truestudio for stm32 9.3.0/armtools/bin/../lib/gcc/arm-atollic-eabi/6.3.1/../../../../arm-atollic-eabi/lib/armv7-m\libc_nano.a
LOAD c:/program files (x86)/atollic/truestudio for stm32 9.3.0/armtools/bin/../lib/gcc/arm-atollic-eabi/6.3.1/../../../../arm-atollic-eabi/lib/armv7-m\libm.a
END GROUP
START GROUP
LOAD c:/program files (x86)/atollic/truestudio for stm32 9.3.0/armtools/bin/../lib/gcc/arm-atollic-eabi/6.3.1/armv7-m\libgcc.a
LOAD c:/program files (x86)/atollic/truestudio for stm32 9.3.0/armtools/bin/../lib/gcc/arm-atollic-eabi/6.3.1/../../../../arm-atollic-eabi/lib/armv7-m\libc_nano.a
END GROUP
START GROUP
LOAD c:/program files (x86)/atollic/truestudio for stm32 9.3.0/armtools/bin/../lib/gcc/arm-atollic-eabi/6.3.1/armv7-m\libgcc.a
LOAD c:/program files (x86)/atollic/truestudio for stm32 9.3.0/armtools/bin/../lib/gcc/arm-atollic-eabi/6.3.1/../../../../arm-atollic-eabi/lib/armv7-m\libc_nano.a
LOAD c:/program files (x86)/atollic/truestudio for stm32 9.3.0/armtools/bin/../lib/gcc/arm-atollic-eabi/6.3.1/../../../../arm-atollic-eabi/lib/armv7-m\libnosys.a
END GROUP
START GROUP
LOAD c:/program files (x86)/atollic/truestudio for stm32 9.3.0/armtools/bin/../lib/gcc/arm-atollic-eabi/6.3.1/armv7-m\libgcc.a
LOAD c:/program files (x86)/atollic/truestudio for stm32 9.3.0/armtools/bin/../lib/gcc/arm-atollic-eabi/6.3.1/../../../../arm-atollic-eabi/lib/armv7-m\libc_nano.a
LOAD c:/program files (x86)/atollic/truestudio for stm32 9.3.0/armtools/bin/../lib/gcc/arm-atollic-eabi/6.3.1/../../../../arm-atollic-eabi/lib/armv7-m\libnosys.a
END GROUP
LOAD c:/program files (x86)/atollic/truestudio for stm32 9.3.0/armtools/bin/../lib/gcc/arm-atollic-eabi/6.3.1/armv7-m/crtend.o
LOAD c:/program files (x86)/atollic/truestudio for stm32 9.3.0/armtools/bin/../lib/gcc/arm-atollic-eabi/6.3.1/armv7-m/crtn.o
                0x20005000                _estack = 0x20005000
                0x00000000                _Min_Heap_Size = 0x0
                0x00000100                _Min_Stack_Size = 0x100

.isr_vector     0x08000000      0x10c
                0x08000000                . = ALIGN (0x4)
 *(.isr_vector)
 .isr_vector    0x08000000      0x10c src\startup_stm32f10x_md.o
                0x08000000                g_pfnVectors
                0x0800010c                . = ALIGN (0x4)

.text           0x08000110     0x42c8
                0x08000110                . = ALIGN (0x4)
 *(.text)
 .text          0x08000110       0x40 c:/program files (x86)/atollic/truestudio for stm32 9.3.0/armtools/bin/../lib/gcc/arm-atollic-eabi/6.3.1/armv7-m/crtbegin.o
 .text          0x08000150      0x370 c:/program files (x86)/atollic/truestudio for stm32 9.3.0/armtools/bin/../lib/gcc/arm-atollic-eabi/6.3.1/armv7-m\libgcc.a(_arm_addsubdf3.o)
                0x08000150                __aeabi_drsub
                0x08000158                __aeabi_dsub
                0x08000158                __subdf3
                0x0800015c                __aeabi_dadd
                0x0800015c                __adddf3
                0x080003d4                __floatunsidf
                0x080003d4                __aeabi_ui2d
                0x080003f4                __floatsidf
                0x080003f4                __aeabi_i2d
                0x08000418                __aeabi_f2d
                0x08000418                __extendsfdf2
                0x08000454                __floatundidf
                0x08000454                __aeabi_ul2d
                0x08000464                __floatdidf
                0x08000464                __aeabi_l2d
 .text          0x080004c0      0x424 c:/program files (x86)/atollic/truestudio for stm32 9.3.0/armtools/bin/../lib/gcc/arm-atollic-eabi/6.3.1/armv7-m\libgcc.a(_arm_muldivdf3.o)
                0x080004c0                __aeabi_dmul
                0x080004c0                __muldf3
                0x08000714                __divdf3
                0x08000714                __aeabi_ddiv
 .text          0x080008e4      0x110 c:/program files (x86)/atollic/truestudio for stm32 9.3.0/armtools/bin/../lib/gcc/arm-atollic-eabi/6.3.1/armv7-m\libgcc.a(_arm_cmpdf2.o)
                0x080008e4                __gtdf2
                0x080008e4                __gedf2
                0x080008ec                __ltdf2
                0x080008ec                __ledf2
                0x080008f4                __nedf2
                0x080008f4                __eqdf2
                0x080008f4                __cmpdf2
                0x08000970                __aeabi_cdrcmple
                0x08000980                __aeabi_cdcmpeq
                0x08000980                __aeabi_cdcmple
                0x08000990                __aeabi_dcmpeq
                0x080009a4                __aeabi_dcmplt
                0x080009b8                __aeabi_dcmple
                0x080009cc                __aeabi_dcmpge
                0x080009e0                __aeabi_dcmpgt
 .text          0x080009f4       0x2c c:/program files (x86)/atollic/truestudio for stm32 9.3.0/armtools/bin/../lib/gcc/arm-atollic-eabi/6.3.1/armv7-m\libgcc.a(_arm_unorddf2.o)
                0x080009f4                __unorddf2
                0x080009f4                __aeabi_dcmpun
 .text          0x08000a20       0x50 c:/program files (x86)/atollic/truestudio for stm32 9.3.0/armtools/bin/../lib/gcc/arm-atollic-eabi/6.3.1/armv7-m\libgcc.a(_arm_fixdfsi.o)
                0x08000a20                __aeabi_d2iz
                0x08000a20                __fixdfsi
 .text          0x08000a70       0xa0 c:/program files (x86)/atollic/truestudio for stm32 9.3.0/armtools/bin/../lib/gcc/arm-atollic-eabi/6.3.1/armv7-m\libgcc.a(_arm_truncdfsf2.o)
                0x08000a70                __truncdfsf2
                0x08000a70                __aeabi_d2f
 .text          0x08000b10      0x21c c:/program files (x86)/atollic/truestudio for stm32 9.3.0/armtools/bin/../lib/gcc/arm-atollic-eabi/6.3.1/armv7-m\libgcc.a(_arm_addsubsf3.o)
                0x08000b10                __aeabi_frsub
                0x08000b18                __subsf3
                0x08000b18                __aeabi_fsub
                0x08000b1c                __aeabi_fadd
                0x08000b1c                __addsf3
                0x08000c7c                __aeabi_ui2f
                0x08000c7c                __floatunsisf
                0x08000c84                __aeabi_i2f
                0x08000c84                __floatsisf
                0x08000ca0                __aeabi_ul2f
                0x08000ca0                __floatundisf
                0x08000cb0                __aeabi_l2f
                0x08000cb0                __floatdisf
 .text          0x08000d2c      0x2a0 c:/program files (x86)/atollic/truestudio for stm32 9.3.0/armtools/bin/../lib/gcc/arm-atollic-eabi/6.3.1/armv7-m\libgcc.a(_arm_muldivsf3.o)
                0x08000d2c                __mulsf3
                0x08000d2c                __aeabi_fmul
                0x08000e94                __aeabi_fdiv
                0x08000e94                __divsf3
 .text          0x08000fcc       0xec c:/program files (x86)/atollic/truestudio for stm32 9.3.0/armtools/bin/../lib/gcc/arm-atollic-eabi/6.3.1/armv7-m\libgcc.a(_arm_cmpsf2.o)
                0x08000fcc                __gesf2
                0x08000fcc                __gtsf2
                0x08000fd4                __lesf2
                0x08000fd4                __ltsf2
                0x08000fdc                __nesf2
                0x08000fdc                __eqsf2
                0x08000fdc                __cmpsf2
                0x0800103c                __aeabi_cfrcmple
                0x08001044                __aeabi_cfcmpeq
                0x08001044                __aeabi_cfcmple
                0x08001054                __aeabi_fcmpeq
                0x08001068                __aeabi_fcmplt
                0x0800107c                __aeabi_fcmple
                0x08001090                __aeabi_fcmpge
                0x080010a4                __aeabi_fcmpgt
 .text          0x080010b8       0x4c c:/program files (x86)/atollic/truestudio for stm32 9.3.0/armtools/bin/../lib/gcc/arm-atollic-eabi/6.3.1/armv7-m\libgcc.a(_arm_fixsfsi.o)
                0x080010b8                __aeabi_f2iz
                0x080010b8                __fixsfsi
 .text          0x08001104       0x40 c:/program files (x86)/atollic/truestudio for stm32 9.3.0/armtools/bin/../lib/gcc/arm-atollic-eabi/6.3.1/armv7-m\libgcc.a(_arm_fixunssfsi.o)
                0x08001104                __fixunssfsi
                0x08001104                __aeabi_f2uiz
 *(.text*)
 .text.MADC_voidInit
                0x08001144       0x64 src\ADC_program.o
                0x08001144                MADC_voidInit
 .text.MADC_u16GetData
                0x080011a8       0x64 src\ADC_program.o
                0x080011a8                MADC_u16GetData
 .text.ADC1_2_IRQHandler
                0x0800120c       0x34 src\ADC_program.o
                0x0800120c                ADC1_2_IRQHandler
 .text.MAFIO_voidSetEXTIConfiguration
                0x08001240       0x74 src\AFIO_program.o
                0x08001240                MAFIO_voidSetEXTIConfiguration
 .text.MAFIO_voidRemap
                0x080012b4       0x68 src\AFIO_program.o
                0x080012b4                MAFIO_voidRemap
 .text.MEXTI_voidSetSignalLatch
                0x0800131c       0x90 src\EXTI_program.o
                0x0800131c                MEXTI_voidSetSignalLatch
 .text.MEXTI_voidSetCallBack
                0x080013ac       0x2c src\EXTI_program.o
                0x080013ac                MEXTI_voidSetCallBack
 .text.EXTI0_IRQHandler
                0x080013d8       0x24 src\EXTI_program.o
                0x080013d8                EXTI0_IRQHandler
 .text.EXTI1_IRQHandler
                0x080013fc       0x24 src\EXTI_program.o
                0x080013fc                EXTI1_IRQHandler
 .text.EXTI2_IRQHandler
                0x08001420       0x24 src\EXTI_program.o
                0x08001420                EXTI2_IRQHandler
 .text.EXTI3_IRQHandler
                0x08001444       0x24 src\EXTI_program.o
                0x08001444                EXTI3_IRQHandler
 .text.EXTI4_IRQHandler
                0x08001468       0x24 src\EXTI_program.o
                0x08001468                EXTI4_IRQHandler
 .text.EXTI9_5_IRQHandler
                0x0800148c       0xe0 src\EXTI_program.o
                0x0800148c                EXTI9_5_IRQHandler
 .text.EXTI15_10_IRQHandler
                0x0800156c      0x10c src\EXTI_program.o
                0x0800156c                EXTI15_10_IRQHandler
 .text.reverse  0x08001678       0x5a src\FLOATtoARRAY.o
                0x08001678                reverse
 *fill*         0x080016d2        0x2 
 .text.intToStr
                0x080016d4       0x90 src\FLOATtoARRAY.o
                0x080016d4                intToStr
 .text.ftoa     0x08001764       0xa4 src\FLOATtoARRAY.o
                0x08001764                ftoa
 .text.MGPIO_voidSetPinDirection
                0x08001808      0x190 src\GPIO_program.o
                0x08001808                MGPIO_voidSetPinDirection
 .text.MGPIO_voidSetPinValue
                0x08001998       0xe4 src\GPIO_program.o
                0x08001998                MGPIO_voidSetPinValue
 .text.MGPIO_u8GetPinValue
                0x08001a7c       0x78 src\GPIO_program.o
                0x08001a7c                MGPIO_u8GetPinValue
 .text.MNVIC_voidInit
                0x08001af4       0x1c src\NVIC_program.o
                0x08001af4                MNVIC_voidInit
 .text.MNVIC_voidEnableInterrupt
                0x08001b10       0x44 src\NVIC_program.o
                0x08001b10                MNVIC_voidEnableInterrupt
 .text.MNVIC_voidSetPriority
                0x08001b54       0x4a src\NVIC_program.o
                0x08001b54                MNVIC_voidSetPriority
 *fill*         0x08001b9e        0x2 
 .text.RCC_voidClockInit
                0x08001ba0       0x98 src\RCC_program.o
                0x08001ba0                RCC_voidClockInit
 .text.RCC_voidEnableClock
                0x08001c38       0x6c src\RCC_program.o
                0x08001c38                RCC_voidEnableClock
 .text.MSPI2_voidInit
                0x08001ca4       0x18 src\SPI_program.o
                0x08001ca4                MSPI2_voidInit
 .text.MSPI2_voidSendReceiveSynch
                0x08001cbc       0x4c src\SPI_program.o
                0x08001cbc                MSPI2_voidSendReceiveSynch
 .text.MSTK_voidInit
                0x08001d08       0x18 src\STK_program.o
                0x08001d08                MSTK_voidInit
 .text.MSTK_voidSetBusyWait
                0x08001d20       0x58 src\STK_program.o
                0x08001d20                MSTK_voidSetBusyWait
 .text.SysTick_Handler
                0x08001d78       0x5c src\STK_program.o
                0x08001d78                SysTick_Handler
 .text.voidWriteCommand
                0x08001dd4       0x2a src\TFT_program.o
 .text.voidWriteData
                0x08001dfe       0x2a src\TFT_program.o
 .text.HTFT_voidInit
                0x08001e28       0x80 src\TFT_program.o
                0x08001e28                HTFT_voidInit
 .text.HTFT_voidFill
                0x08001ea8       0x80 src\TFT_program.o
                0x08001ea8                HTFT_voidFill
 .text.HTFT_voidFillScreen
                0x08001f28       0x84 src\TFT_program.o
                0x08001f28                HTFT_voidFillScreen
 .text.SetCursorPosition
                0x08001fac       0x6a src\TFT_program.o
 .text.HTFT_DrawPixel
                0x08002016       0x44 src\TFT_program.o
                0x08002016                HTFT_DrawPixel
 .text.HTFT_DrawLine
                0x0800205a       0x3a src\TFT_program.o
                0x0800205a                HTFT_DrawLine
 .text.HTFT_DrawRectangle
                0x08002094       0x6e src\TFT_program.o
                0x08002094                HTFT_DrawRectangle
 *fill*         0x08002102        0x2 
 .text.HTFT_DrawChar
                0x08002104       0xcc src\TFT_program.o
                0x08002104                HTFT_DrawChar
 .text.HTFT_DrawText
                0x080021d0       0x44 src\TFT_program.o
                0x080021d0                HTFT_DrawText
 .text.HTFT_SetRotation
                0x08002214       0x38 src\TFT_program.o
                0x08002214                HTFT_SetRotation
 .text.MTIMER2_voidInit
                0x0800224c       0x30 src\TIMER2_program.o
                0x0800224c                MTIMER2_voidInit
 .text.MTIMER2_voidClearFlags
                0x0800227c       0x14 src\TIMER2_program.o
                0x0800227c                MTIMER2_voidClearFlags
 .text.MTIMER2_u16ReadCapture
                0x08002290       0x56 src\TIMER2_program.o
                0x08002290                MTIMER2_u16ReadCapture
 *fill*         0x080022e6        0x2 
 .text.MTIMER2_voidSetCallBack
                0x080022e8       0x74 src\TIMER2_program.o
                0x080022e8                MTIMER2_voidSetCallBack
 .text.MTIMER2_voidEnableInterrupt
                0x0800235c       0x2a src\TIMER2_program.o
                0x0800235c                MTIMER2_voidEnableInterrupt
 .text.MTIMER2_voidDisableInterrupt
                0x08002386       0x2c src\TIMER2_program.o
                0x08002386                MTIMER2_voidDisableInterrupt
 .text.MTIMER2_voidClearCounter
                0x080023b2       0x14 src\TIMER2_program.o
                0x080023b2                MTIMER2_voidClearCounter
 *fill*         0x080023c6        0x2 
 .text.TIM2_IRQHandler
                0x080023c8      0x1f4 src\TIMER2_program.o
                0x080023c8                TIM2_IRQHandler
 .text.main     0x080025bc       0x70 src\main.o
                0x080025bc                main
 .text.Process_Record
                0x0800262c      0x154 src\main.o
                0x0800262c                Process_Record
 .text.Read_Record
                0x08002780       0xc0 src\main.o
                0x08002780                Read_Record
 .text.Display_Record
                0x08002840      0x22c src\main.o
                0x08002840                Display_Record
 .text.Peripheral_Enable
                0x08002a6c       0x3c src\main.o
                0x08002a6c                Peripheral_Enable
 .text.Pin_init
                0x08002aa8       0x80 src\main.o
                0x08002aa8                Pin_init
 .text.ExternalInterruptConfig
                0x08002b28       0x78 src\main.o
                0x08002b28                ExternalInterruptConfig
 .text.EnableInterrupts
                0x08002ba0       0x6a src\main.o
                0x08002ba0                EnableInterrupts
 *fill*         0x08002c0a        0x2 
 .text.MeasureFrequency
                0x08002c0c       0x54 src\main.o
                0x08002c0c                MeasureFrequency
 .text.Start_Oscilloscope
                0x08002c60      0x1dc src\main.o
                0x08002c60                Start_Oscilloscope
 .text.HorizontalZoomIn
                0x08002e3c       0x38 src\main.o
                0x08002e3c                HorizontalZoomIn
 .text.HorizontalZoomOut
                0x08002e74       0x38 src\main.o
                0x08002e74                HorizontalZoomOut
 .text.VerticalZoomIn
                0x08002eac       0x50 src\main.o
                0x08002eac                VerticalZoomIn
 .text.VerticalZoomOut
                0x08002efc       0x50 src\main.o
                0x08002efc                VerticalZoomOut
 .text.Reset_Handler
                0x08002f4c       0x50 src\startup_stm32f10x_md.o
                0x08002f4c                Reset_Handler
 .text.Default_Handler
                0x08002f9c        0x2 src\startup_stm32f10x_md.o
                0x08002f9c                TIM1_CC_IRQHandler
                0x08002f9c                PVD_IRQHandler
                0x08002f9c                I2C2_EV_IRQHandler
                0x08002f9c                SPI1_IRQHandler
                0x08002f9c                TAMPER_IRQHandler
                0x08002f9c                DMA1_Channel4_IRQHandler
                0x08002f9c                USART3_IRQHandler
                0x08002f9c                RTC_IRQHandler
                0x08002f9c                DMA1_Channel7_IRQHandler
                0x08002f9c                CAN1_RX1_IRQHandler
                0x08002f9c                TIM4_IRQHandler
                0x08002f9c                I2C1_EV_IRQHandler
                0x08002f9c                DMA1_Channel6_IRQHandler
                0x08002f9c                TIM3_IRQHandler
                0x08002f9c                RCC_IRQHandler
                0x08002f9c                TIM1_TRG_COM_IRQHandler
                0x08002f9c                DMA1_Channel1_IRQHandler
                0x08002f9c                Default_Handler
                0x08002f9c                SPI2_IRQHandler
                0x08002f9c                DMA1_Channel5_IRQHandler
                0x08002f9c                USB_LP_CAN1_RX0_IRQHandler
                0x08002f9c                USB_HP_CAN1_TX_IRQHandler
                0x08002f9c                DMA1_Channel3_IRQHandler
                0x08002f9c                TIM1_UP_IRQHandler
                0x08002f9c                WWDG_IRQHandler
                0x08002f9c                TIM1_BRK_IRQHandler
                0x08002f9c                RTCAlarm_IRQHandler
                0x08002f9c                USART2_IRQHandler
                0x08002f9c                I2C2_ER_IRQHandler
                0x08002f9c                DMA1_Channel2_IRQHandler
                0x08002f9c                CAN1_SCE_IRQHandler
                0x08002f9c                FLASH_IRQHandler
                0x08002f9c                USART1_IRQHandler
                0x08002f9c                I2C1_ER_IRQHandler
                0x08002f9c                USBWakeUp_IRQHandler
 .text.NMI_Handler
                0x08002f9e        0xc src\stm32f1xx_it.o
                0x08002f9e                NMI_Handler
 .text.HardFault_Handler
                0x08002faa        0x6 src\stm32f1xx_it.o
                0x08002faa                HardFault_Handler
 .text.MemManage_Handler
                0x08002fb0        0x6 src\stm32f1xx_it.o
                0x08002fb0                MemManage_Handler
 .text.BusFault_Handler
                0x08002fb6        0x6 src\stm32f1xx_it.o
                0x08002fb6                BusFault_Handler
 .text.UsageFault_Handler
                0x08002fbc        0x6 src\stm32f1xx_it.o
                0x08002fbc                UsageFault_Handler
 .text.SVC_Handler
                0x08002fc2        0xc src\stm32f1xx_it.o
                0x08002fc2                SVC_Handler
 .text.DebugMon_Handler
                0x08002fce        0xc src\stm32f1xx_it.o
                0x08002fce                DebugMon_Handler
 .text.PendSV_Handler
                0x08002fda        0xc src\stm32f1xx_it.o
                0x08002fda                PendSV_Handler
 *fill*         0x08002fe6        0x2 
 .text.SystemInit
                0x08002fe8       0x68 src\system_stm32f10x.o
                0x08002fe8                SystemInit
 .text.SetSysClock
                0x08003050        0xc src\system_stm32f10x.o
 .text.SetSysClockTo72
                0x0800305c      0x100 src\system_stm32f10x.o
 .text.ts_itoa  0x0800315c       0x90 src\tiny_printf.o
                0x0800315c                ts_itoa
 .text.ts_formatstring
                0x080031ec      0x12e src\tiny_printf.o
                0x080031ec                ts_formatstring
 .text.siprintf
                0x0800331a       0x2c src\tiny_printf.o
                0x0800331a                siprintf
                0x0800331a                sprintf
 *fill*         0x08003346        0x2 
 .text.__libc_init_array
                0x08003348       0x48 c:/program files (x86)/atollic/truestudio for stm32 9.3.0/armtools/bin/../lib/gcc/arm-atollic-eabi/6.3.1/../../../../arm-atollic-eabi/lib/armv7-m\libc_nano.a(lib_a-init.o)
                0x08003348                __libc_init_array
 .text.pow      0x08003390      0x2c8 c:/program files (x86)/atollic/truestudio for stm32 9.3.0/armtools/bin/../lib/gcc/arm-atollic-eabi/6.3.1/../../../../arm-atollic-eabi/lib/armv7-m\libm.a(lib_a-w_pow.o)
                0x08003390                pow
 .text.__ieee754_pow
                0x08003658      0x9e4 c:/program files (x86)/atollic/truestudio for stm32 9.3.0/armtools/bin/../lib/gcc/arm-atollic-eabi/6.3.1/../../../../arm-atollic-eabi/lib/armv7-m\libm.a(lib_a-e_pow.o)
                0x08003658                __ieee754_pow
 .text.__ieee754_sqrt
                0x0800403c      0x158 c:/program files (x86)/atollic/truestudio for stm32 9.3.0/armtools/bin/../lib/gcc/arm-atollic-eabi/6.3.1/../../../../arm-atollic-eabi/lib/armv7-m\libm.a(lib_a-e_sqrt.o)
                0x0800403c                __ieee754_sqrt
 .text.fabs     0x08004194        0x6 c:/program files (x86)/atollic/truestudio for stm32 9.3.0/armtools/bin/../lib/gcc/arm-atollic-eabi/6.3.1/../../../../arm-atollic-eabi/lib/armv7-m\libm.a(lib_a-s_fabs.o)
                0x08004194                fabs
 .text.finite   0x0800419a        0xc c:/program files (x86)/atollic/truestudio for stm32 9.3.0/armtools/bin/../lib/gcc/arm-atollic-eabi/6.3.1/../../../../arm-atollic-eabi/lib/armv7-m\libm.a(lib_a-s_finite.o)
                0x0800419a                finite
 .text.matherr  0x080041a6        0x4 c:/program files (x86)/atollic/truestudio for stm32 9.3.0/armtools/bin/../lib/gcc/arm-atollic-eabi/6.3.1/../../../../arm-atollic-eabi/lib/armv7-m\libm.a(lib_a-s_matherr.o)
                0x080041a6                matherr
 *fill*         0x080041aa        0x2 
 .text.nan      0x080041ac        0xc c:/program files (x86)/atollic/truestudio for stm32 9.3.0/armtools/bin/../lib/gcc/arm-atollic-eabi/6.3.1/../../../../arm-atollic-eabi/lib/armv7-m\libm.a(lib_a-s_nan.o)
                0x080041ac                nan
 .text.rint     0x080041b8      0x110 c:/program files (x86)/atollic/truestudio for stm32 9.3.0/armtools/bin/../lib/gcc/arm-atollic-eabi/6.3.1/../../../../arm-atollic-eabi/lib/armv7-m\libm.a(lib_a-s_rint.o)
                0x080041b8                rint
 .text.scalbn   0x080042c8       0xdc c:/program files (x86)/atollic/truestudio for stm32 9.3.0/armtools/bin/../lib/gcc/arm-atollic-eabi/6.3.1/../../../../arm-atollic-eabi/lib/armv7-m\libm.a(lib_a-s_scalbn.o)
                0x080042c8                scalbn
 .text.copysign
                0x080043a4        0xe c:/program files (x86)/atollic/truestudio for stm32 9.3.0/armtools/bin/../lib/gcc/arm-atollic-eabi/6.3.1/../../../../arm-atollic-eabi/lib/armv7-m\libm.a(lib_a-s_copysign.o)
                0x080043a4                copysign
 *fill*         0x080043b2        0x2 
 .text.__errno  0x080043b4        0xc c:/program files (x86)/atollic/truestudio for stm32 9.3.0/armtools/bin/../lib/gcc/arm-atollic-eabi/6.3.1/../../../../arm-atollic-eabi/lib/armv7-m\libc_nano.a(lib_a-errno.o)
                0x080043b4                __errno
 *(.glue_7)
 .glue_7        0x080043c0        0x0 linker stubs
 *(.glue_7t)
 .glue_7t       0x080043c0        0x0 linker stubs
 *(.eh_frame)
 .eh_frame      0x080043c0        0x0 c:/program files (x86)/atollic/truestudio for stm32 9.3.0/armtools/bin/../lib/gcc/arm-atollic-eabi/6.3.1/armv7-m/crtbegin.o
 *(.init)
 .init          0x080043c0        0x4 c:/program files (x86)/atollic/truestudio for stm32 9.3.0/armtools/bin/../lib/gcc/arm-atollic-eabi/6.3.1/armv7-m/crti.o
                0x080043c0                _init
 .init          0x080043c4        0x8 c:/program files (x86)/atollic/truestudio for stm32 9.3.0/armtools/bin/../lib/gcc/arm-atollic-eabi/6.3.1/armv7-m/crtn.o
 *(.fini)
 .fini          0x080043cc        0x4 c:/program files (x86)/atollic/truestudio for stm32 9.3.0/armtools/bin/../lib/gcc/arm-atollic-eabi/6.3.1/armv7-m/crti.o
                0x080043cc                _fini
 .fini          0x080043d0        0x8 c:/program files (x86)/atollic/truestudio for stm32 9.3.0/armtools/bin/../lib/gcc/arm-atollic-eabi/6.3.1/armv7-m/crtn.o
                0x080043d8                . = ALIGN (0x4)
                0x080043d8                _etext = .

.vfp11_veneer   0x080043d8        0x0
 .vfp11_veneer  0x080043d8        0x0 linker stubs

.v4_bx          0x080043d8        0x0
 .v4_bx         0x080043d8        0x0 linker stubs

.iplt           0x080043d8        0x0
 .iplt          0x080043d8        0x0 c:/program files (x86)/atollic/truestudio for stm32 9.3.0/armtools/bin/../lib/gcc/arm-atollic-eabi/6.3.1/armv7-m/crtbegin.o

.rodata         0x080043d8     0xa2d0
                0x080043d8                . = ALIGN (0x4)
 *(.rodata)
 .rodata        0x080043d8       0x4a src\main.o
 *(.rodata*)
 *fill*         0x08004422        0x2 
 .rodata.font   0x08004424      0x240 src\Font.o
                0x08004424                font
 .rodata.ScopeScreen
                0x08004664     0xa000 src\main.o
                0x08004664                ScopeScreen
 .rodata.pow.str1.1
                0x0800e664        0x4 c:/program files (x86)/atollic/truestudio for stm32 9.3.0/armtools/bin/../lib/gcc/arm-atollic-eabi/6.3.1/../../../../arm-atollic-eabi/lib/armv7-m\libm.a(lib_a-w_pow.o)
 .rodata.__ieee754_pow.str1.1
                0x0800e668        0x4 c:/program files (x86)/atollic/truestudio for stm32 9.3.0/armtools/bin/../lib/gcc/arm-atollic-eabi/6.3.1/../../../../arm-atollic-eabi/lib/armv7-m\libm.a(lib_a-e_pow.o)
                                  0x1 (size before relaxing)
 .rodata.bp     0x0800e668       0x10 c:/program files (x86)/atollic/truestudio for stm32 9.3.0/armtools/bin/../lib/gcc/arm-atollic-eabi/6.3.1/../../../../arm-atollic-eabi/lib/armv7-m\libm.a(lib_a-e_pow.o)
 .rodata.dp_h   0x0800e678       0x10 c:/program files (x86)/atollic/truestudio for stm32 9.3.0/armtools/bin/../lib/gcc/arm-atollic-eabi/6.3.1/../../../../arm-atollic-eabi/lib/armv7-m\libm.a(lib_a-e_pow.o)
 .rodata.dp_l   0x0800e688       0x10 c:/program files (x86)/atollic/truestudio for stm32 9.3.0/armtools/bin/../lib/gcc/arm-atollic-eabi/6.3.1/../../../../arm-atollic-eabi/lib/armv7-m\libm.a(lib_a-e_pow.o)
 .rodata.TWO52  0x0800e698       0x10 c:/program files (x86)/atollic/truestudio for stm32 9.3.0/armtools/bin/../lib/gcc/arm-atollic-eabi/6.3.1/../../../../arm-atollic-eabi/lib/armv7-m\libm.a(lib_a-s_rint.o)
                0x0800e6a8                . = ALIGN (0x4)

.rel.dyn        0x0800e6a8        0x0
 .rel.iplt      0x0800e6a8        0x0 c:/program files (x86)/atollic/truestudio for stm32 9.3.0/armtools/bin/../lib/gcc/arm-atollic-eabi/6.3.1/armv7-m/crtbegin.o

.ARM.extab
 *(.ARM.extab* .gnu.linkonce.armextab.*)

.ARM            0x0800e6a8        0x0
                0x0800e6a8                __exidx_start = .
 *(.ARM.exidx*)
                0x0800e6a8                __exidx_end = .

.preinit_array  0x0800e6a8        0x0
                0x0800e6a8                PROVIDE (__preinit_array_start, .)
 *(.preinit_array*)
                0x0800e6a8                PROVIDE (__preinit_array_end, .)

.init_array     0x0800e6a8        0x4
                0x0800e6a8                PROVIDE (__init_array_start, .)
 *(SORT(.init_array.*))
 *(.init_array*)
 .init_array    0x0800e6a8        0x4 c:/program files (x86)/atollic/truestudio for stm32 9.3.0/armtools/bin/../lib/gcc/arm-atollic-eabi/6.3.1/armv7-m/crtbegin.o
                0x0800e6ac                PROVIDE (__init_array_end, .)

.fini_array     0x0800e6ac        0x4
                [!provide]                PROVIDE (__fini_array_start, .)
 *(SORT(.fini_array.*))
 *(.fini_array*)
 .fini_array    0x0800e6ac        0x4 c:/program files (x86)/atollic/truestudio for stm32 9.3.0/armtools/bin/../lib/gcc/arm-atollic-eabi/6.3.1/armv7-m/crtbegin.o
                [!provide]                PROVIDE (__fini_array_end, .)
                0x0800e6b0                _sidata = LOADADDR (.data)

.data           0x20000000       0x70 load address 0x0800e6b0
                0x20000000                . = ALIGN (0x4)
                0x20000000                _sdata = .
 *(.data)
 *(.data*)
 .data.TIME_DIVISION
                0x20000000        0x2 src\main.o
                0x20000000                TIME_DIVISION
 *fill*         0x20000002        0x2 
 .data.VOLTAGE_DIVISION
                0x20000004        0x4 src\main.o
                0x20000004                VOLTAGE_DIVISION
 .data.__fdlib_version
                0x20000008        0x1 c:/program files (x86)/atollic/truestudio for stm32 9.3.0/armtools/bin/../lib/gcc/arm-atollic-eabi/6.3.1/../../../../arm-atollic-eabi/lib/armv7-m\libm.a(lib_a-s_lib_ver.o)
                0x20000008                __fdlib_version
 *fill*         0x20000009        0x3 
 .data._impure_ptr
                0x2000000c        0x4 c:/program files (x86)/atollic/truestudio for stm32 9.3.0/armtools/bin/../lib/gcc/arm-atollic-eabi/6.3.1/../../../../arm-atollic-eabi/lib/armv7-m\libc_nano.a(lib_a-impure.o)
                0x2000000c                _impure_ptr
 .data.impure_data
                0x20000010       0x60 c:/program files (x86)/atollic/truestudio for stm32 9.3.0/armtools/bin/../lib/gcc/arm-atollic-eabi/6.3.1/../../../../arm-atollic-eabi/lib/armv7-m\libc_nano.a(lib_a-impure.o)
                0x20000070                . = ALIGN (0x4)
                0x20000070                _edata = .

.igot.plt       0x20000070        0x0 load address 0x0800e720
 .igot.plt      0x20000070        0x0 c:/program files (x86)/atollic/truestudio for stm32 9.3.0/armtools/bin/../lib/gcc/arm-atollic-eabi/6.3.1/armv7-m/crtbegin.o
                0x20000070                . = ALIGN (0x4)

.bss            0x20000070      0x1d8 load address 0x0800e720
                0x20000070                _sbss = .
                0x20000070                __bss_start__ = _sbss
 *(.bss)
 .bss           0x20000070       0x1c c:/program files (x86)/atollic/truestudio for stm32 9.3.0/armtools/bin/../lib/gcc/arm-atollic-eabi/6.3.1/armv7-m/crtbegin.o
 *(.bss*)
 .bss.ADC_pCallBack
                0x2000008c        0x4 src\ADC_program.o
 .bss.EXTI_CallBack
                0x20000090       0x40 src\EXTI_program.o
 .bss.MSTK_CallBack
                0x200000d0        0x4 src\STK_program.o
 .bss.MSTK_u8ModeOfInterval
                0x200000d4        0x1 src\STK_program.o
 *fill*         0x200000d5        0x3 
 .bss.CaptureCompareCall
                0x200000d8       0x10 src\TIMER2_program.o
                0x200000d8                CaptureCompareCall
 .bss.OverCaptureCompareCall
                0x200000e8       0x10 src\TIMER2_program.o
                0x200000e8                OverCaptureCompareCall
 .bss.UpdateCall
                0x200000f8        0x4 src\TIMER2_program.o
                0x200000f8                UpdateCall
 .bss.TriggerCall
                0x200000fc        0x4 src\TIMER2_program.o
                0x200000fc                TriggerCall
 .bss.FrequencyMeasured
                0x20000100        0x1 src\main.o
                0x20000100                FrequencyMeasured
 *fill*         0x20000101        0x3 
 .bss.SignalFrequency
                0x20000104        0x4 src\main.o
                0x20000104                SignalFrequency
 .bss.LocalPixels.5397
                0x20000108      0x13e src\main.o
 .bss.FirstEdge.5421
                0x20000246        0x1 src\main.o
 *(COMMON)
                0x20000248                . = ALIGN (0x4)
 *fill*         0x20000247        0x1 
                0x20000248                _ebss = .
                0x20000248                __bss_end__ = _ebss

._user_heap_stack
                0x20000248      0x100 load address 0x0800e720
                0x20000248                . = ALIGN (0x4)
                [!provide]                PROVIDE (end, .)
                [!provide]                PROVIDE (_end, .)
                0x20000248                . = (. + _Min_Heap_Size)
                0x20000348                . = (. + _Min_Stack_Size)
 *fill*         0x20000248      0x100 
                0x20000348                . = ALIGN (0x4)

.memory_b1_text
 *(.mb1text)
 *(.mb1text*)
 *(.mb1rodata)
 *(.mb1rodata*)

/DISCARD/
 libc.a(*)
 libm.a(*)
 libgcc.a(*)

.ARM.attributes
                0x00000000       0x29
 *(.ARM.attributes)
 .ARM.attributes
                0x00000000       0x1d c:/program files (x86)/atollic/truestudio for stm32 9.3.0/armtools/bin/../lib/gcc/arm-atollic-eabi/6.3.1/armv7-m/crti.o
 .ARM.attributes
                0x0000001d       0x2d c:/program files (x86)/atollic/truestudio for stm32 9.3.0/armtools/bin/../lib/gcc/arm-atollic-eabi/6.3.1/armv7-m/crtbegin.o
 .ARM.attributes
                0x0000004a       0x33 src\ADC_program.o
 .ARM.attributes
                0x0000007d       0x33 src\AFIO_program.o
 .ARM.attributes
                0x000000b0       0x33 src\EXTI_program.o
 .ARM.attributes
                0x000000e3       0x33 src\FLOATtoARRAY.o
 .ARM.attributes
                0x00000116       0x33 src\Font.o
 .ARM.attributes
                0x00000149       0x33 src\GPIO_program.o
 .ARM.attributes
                0x0000017c       0x33 src\NVIC_program.o
 .ARM.attributes
                0x000001af       0x33 src\RCC_program.o
 .ARM.attributes
                0x000001e2       0x33 src\SPI_program.o
 .ARM.attributes
                0x00000215       0x33 src\STK_program.o
 .ARM.attributes
                0x00000248       0x33 src\TFT_program.o
 .ARM.attributes
                0x0000027b       0x33 src\TIMER2_program.o
 .ARM.attributes
                0x000002ae       0x33 src\main.o
 .ARM.attributes
                0x000002e1       0x21 src\startup_stm32f10x_md.o
 .ARM.attributes
                0x00000302       0x33 src\stm32f1xx_it.o
 .ARM.attributes
                0x00000335       0x33 src\system_stm32f10x.o
 .ARM.attributes
                0x00000368       0x33 src\tiny_printf.o
 .ARM.attributes
                0x0000039b       0x2d c:/program files (x86)/atollic/truestudio for stm32 9.3.0/armtools/bin/../lib/gcc/arm-atollic-eabi/6.3.1/../../../../arm-atollic-eabi/lib/armv7-m\libc_nano.a(lib_a-init.o)
 .ARM.attributes
                0x000003c8       0x2d c:/program files (x86)/atollic/truestudio for stm32 9.3.0/armtools/bin/../lib/gcc/arm-atollic-eabi/6.3.1/../../../../arm-atollic-eabi/lib/armv7-m\libm.a(lib_a-w_pow.o)
 .ARM.attributes
                0x000003f5       0x2d c:/program files (x86)/atollic/truestudio for stm32 9.3.0/armtools/bin/../lib/gcc/arm-atollic-eabi/6.3.1/../../../../arm-atollic-eabi/lib/armv7-m\libm.a(lib_a-e_pow.o)
 .ARM.attributes
                0x00000422       0x2d c:/program files (x86)/atollic/truestudio for stm32 9.3.0/armtools/bin/../lib/gcc/arm-atollic-eabi/6.3.1/../../../../arm-atollic-eabi/lib/armv7-m\libm.a(lib_a-e_sqrt.o)
 .ARM.attributes
                0x0000044f       0x2d c:/program files (x86)/atollic/truestudio for stm32 9.3.0/armtools/bin/../lib/gcc/arm-atollic-eabi/6.3.1/../../../../arm-atollic-eabi/lib/armv7-m\libm.a(lib_a-s_fabs.o)
 .ARM.attributes
                0x0000047c       0x2d c:/program files (x86)/atollic/truestudio for stm32 9.3.0/armtools/bin/../lib/gcc/arm-atollic-eabi/6.3.1/../../../../arm-atollic-eabi/lib/armv7-m\libm.a(lib_a-s_finite.o)
 .ARM.attributes
                0x000004a9       0x2d c:/program files (x86)/atollic/truestudio for stm32 9.3.0/armtools/bin/../lib/gcc/arm-atollic-eabi/6.3.1/../../../../arm-atollic-eabi/lib/armv7-m\libm.a(lib_a-s_lib_ver.o)
 .ARM.attributes
                0x000004d6       0x2d c:/program files (x86)/atollic/truestudio for stm32 9.3.0/armtools/bin/../lib/gcc/arm-atollic-eabi/6.3.1/../../../../arm-atollic-eabi/lib/armv7-m\libm.a(lib_a-s_matherr.o)
 .ARM.attributes
                0x00000503       0x2d c:/program files (x86)/atollic/truestudio for stm32 9.3.0/armtools/bin/../lib/gcc/arm-atollic-eabi/6.3.1/../../../../arm-atollic-eabi/lib/armv7-m\libm.a(lib_a-s_nan.o)
 .ARM.attributes
                0x00000530       0x2d c:/program files (x86)/atollic/truestudio for stm32 9.3.0/armtools/bin/../lib/gcc/arm-atollic-eabi/6.3.1/../../../../arm-atollic-eabi/lib/armv7-m\libm.a(lib_a-s_rint.o)
 .ARM.attributes
                0x0000055d       0x2d c:/program files (x86)/atollic/truestudio for stm32 9.3.0/armtools/bin/../lib/gcc/arm-atollic-eabi/6.3.1/../../../../arm-atollic-eabi/lib/armv7-m\libm.a(lib_a-s_scalbn.o)
 .ARM.attributes
                0x0000058a       0x2d c:/program files (x86)/atollic/truestudio for stm32 9.3.0/armtools/bin/../lib/gcc/arm-atollic-eabi/6.3.1/../../../../arm-atollic-eabi/lib/armv7-m\libm.a(lib_a-s_copysign.o)
 .ARM.attributes
                0x000005b7       0x2d c:/program files (x86)/atollic/truestudio for stm32 9.3.0/armtools/bin/../lib/gcc/arm-atollic-eabi/6.3.1/../../../../arm-atollic-eabi/lib/armv7-m\libc_nano.a(lib_a-errno.o)
 .ARM.attributes
                0x000005e4       0x2d c:/program files (x86)/atollic/truestudio for stm32 9.3.0/armtools/bin/../lib/gcc/arm-atollic-eabi/6.3.1/../../../../arm-atollic-eabi/lib/armv7-m\libc_nano.a(lib_a-impure.o)
 .ARM.attributes
                0x00000611       0x1d c:/program files (x86)/atollic/truestudio for stm32 9.3.0/armtools/bin/../lib/gcc/arm-atollic-eabi/6.3.1/armv7-m\libgcc.a(_arm_addsubdf3.o)
 .ARM.attributes
                0x0000062e       0x1d c:/program files (x86)/atollic/truestudio for stm32 9.3.0/armtools/bin/../lib/gcc/arm-atollic-eabi/6.3.1/armv7-m\libgcc.a(_arm_muldivdf3.o)
 .ARM.attributes
                0x0000064b       0x1d c:/program files (x86)/atollic/truestudio for stm32 9.3.0/armtools/bin/../lib/gcc/arm-atollic-eabi/6.3.1/armv7-m\libgcc.a(_arm_cmpdf2.o)
 .ARM.attributes
                0x00000668       0x1d c:/program files (x86)/atollic/truestudio for stm32 9.3.0/armtools/bin/../lib/gcc/arm-atollic-eabi/6.3.1/armv7-m\libgcc.a(_arm_unorddf2.o)
 .ARM.attributes
                0x00000685       0x1d c:/program files (x86)/atollic/truestudio for stm32 9.3.0/armtools/bin/../lib/gcc/arm-atollic-eabi/6.3.1/armv7-m\libgcc.a(_arm_fixdfsi.o)
 .ARM.attributes
                0x000006a2       0x1d c:/program files (x86)/atollic/truestudio for stm32 9.3.0/armtools/bin/../lib/gcc/arm-atollic-eabi/6.3.1/armv7-m\libgcc.a(_arm_truncdfsf2.o)
 .ARM.attributes
                0x000006bf       0x1d c:/program files (x86)/atollic/truestudio for stm32 9.3.0/armtools/bin/../lib/gcc/arm-atollic-eabi/6.3.1/armv7-m\libgcc.a(_arm_addsubsf3.o)
 .ARM.attributes
                0x000006dc       0x1d c:/program files (x86)/atollic/truestudio for stm32 9.3.0/armtools/bin/../lib/gcc/arm-atollic-eabi/6.3.1/armv7-m\libgcc.a(_arm_muldivsf3.o)
 .ARM.attributes
                0x000006f9       0x1d c:/program files (x86)/atollic/truestudio for stm32 9.3.0/armtools/bin/../lib/gcc/arm-atollic-eabi/6.3.1/armv7-m\libgcc.a(_arm_cmpsf2.o)
 .ARM.attributes
                0x00000716       0x1d c:/program files (x86)/atollic/truestudio for stm32 9.3.0/armtools/bin/../lib/gcc/arm-atollic-eabi/6.3.1/armv7-m\libgcc.a(_arm_fixsfsi.o)
 .ARM.attributes
                0x00000733       0x1d c:/program files (x86)/atollic/truestudio for stm32 9.3.0/armtools/bin/../lib/gcc/arm-atollic-eabi/6.3.1/armv7-m\libgcc.a(_arm_fixunssfsi.o)
 .ARM.attributes
                0x00000750       0x1d c:/program files (x86)/atollic/truestudio for stm32 9.3.0/armtools/bin/../lib/gcc/arm-atollic-eabi/6.3.1/armv7-m/crtn.o
OUTPUT(SCOPE_V2.elf elf32-littlearm)

.debug_info     0x00000000     0x4075
 .debug_info    0x00000000      0x1e6 src\ADC_program.o
 .debug_info    0x000001e6      0x16a src\AFIO_program.o
 .debug_info    0x00000350      0x299 src\EXTI_program.o
 .debug_info    0x000005e9      0x9d6 src\FLOATtoARRAY.o
 .debug_info    0x00000fbf       0x9e src\Font.o
 .debug_info    0x0000105d      0x133 src\GPIO_program.o
 .debug_info    0x00001190      0x1b0 src\NVIC_program.o
 .debug_info    0x00001340      0x1aa src\RCC_program.o
 .debug_info    0x000014ea      0x1a4 src\SPI_program.o
 .debug_info    0x0000168e      0x1f7 src\STK_program.o
 .debug_info    0x00001885      0x619 src\TFT_program.o
 .debug_info    0x00001e9e      0x2f2 src\TIMER2_program.o
 .debug_info    0x00002190      0xc16 src\main.o
 .debug_info    0x00002da6       0x6d src\startup_stm32f10x_md.o
 .debug_info    0x00002e13      0x143 src\stm32f1xx_it.o
 .debug_info    0x00002f56      0x4a7 src\system_stm32f10x.o
 .debug_info    0x000033fd      0xc78 src\tiny_printf.o

.debug_abbrev   0x00000000     0x1238
 .debug_abbrev  0x00000000      0x111 src\ADC_program.o
 .debug_abbrev  0x00000111       0xbe src\AFIO_program.o
 .debug_abbrev  0x000001cf      0x129 src\EXTI_program.o
 .debug_abbrev  0x000002f8      0x1f5 src\FLOATtoARRAY.o
 .debug_abbrev  0x000004ed       0x5d src\Font.o
 .debug_abbrev  0x0000054a       0x98 src\GPIO_program.o
 .debug_abbrev  0x000005e2       0x98 src\NVIC_program.o
 .debug_abbrev  0x0000067a       0xac src\RCC_program.o
 .debug_abbrev  0x00000726       0xd6 src\SPI_program.o
 .debug_abbrev  0x000007fc      0x101 src\STK_program.o
 .debug_abbrev  0x000008fd      0x152 src\TFT_program.o
 .debug_abbrev  0x00000a4f      0x152 src\TIMER2_program.o
 .debug_abbrev  0x00000ba1      0x23d src\main.o
 .debug_abbrev  0x00000dde       0x12 src\startup_stm32f10x_md.o
 .debug_abbrev  0x00000df0       0x78 src\stm32f1xx_it.o
 .debug_abbrev  0x00000e68      0x16e src\system_stm32f10x.o
 .debug_abbrev  0x00000fd6      0x262 src\tiny_printf.o

.debug_aranges  0x00000000      0x528
 .debug_aranges
                0x00000000       0x38 src\ADC_program.o
 .debug_aranges
                0x00000038       0x30 src\AFIO_program.o
 .debug_aranges
                0x00000068       0x88 src\EXTI_program.o
 .debug_aranges
                0x000000f0       0x30 src\FLOATtoARRAY.o
 .debug_aranges
                0x00000120       0x18 src\Font.o
 .debug_aranges
                0x00000138       0x30 src\GPIO_program.o
 .debug_aranges
                0x00000168       0x50 src\NVIC_program.o
 .debug_aranges
                0x000001b8       0x38 src\RCC_program.o
 .debug_aranges
                0x000001f0       0x38 src\SPI_program.o
 .debug_aranges
                0x00000228       0x58 src\STK_program.o
 .debug_aranges
                0x00000280       0x98 src\TFT_program.o
 .debug_aranges
                0x00000318       0x60 src\TIMER2_program.o
 .debug_aranges
                0x00000378       0x98 src\main.o
 .debug_aranges
                0x00000410       0x28 src\startup_stm32f10x_md.o
 .debug_aranges
                0x00000438       0x58 src\stm32f1xx_it.o
 .debug_aranges
                0x00000490       0x38 src\system_stm32f10x.o
 .debug_aranges
                0x000004c8       0x60 src\tiny_printf.o

.debug_ranges   0x00000000      0x418
 .debug_ranges  0x00000000       0x28 src\ADC_program.o
 .debug_ranges  0x00000028       0x20 src\AFIO_program.o
 .debug_ranges  0x00000048       0x78 src\EXTI_program.o
 .debug_ranges  0x000000c0       0x20 src\FLOATtoARRAY.o
 .debug_ranges  0x000000e0       0x20 src\GPIO_program.o
 .debug_ranges  0x00000100       0x40 src\NVIC_program.o
 .debug_ranges  0x00000140       0x28 src\RCC_program.o
 .debug_ranges  0x00000168       0x28 src\SPI_program.o
 .debug_ranges  0x00000190       0x48 src\STK_program.o
 .debug_ranges  0x000001d8       0x88 src\TFT_program.o
 .debug_ranges  0x00000260       0x50 src\TIMER2_program.o
 .debug_ranges  0x000002b0       0x88 src\main.o
 .debug_ranges  0x00000338       0x20 src\startup_stm32f10x_md.o
 .debug_ranges  0x00000358       0x48 src\stm32f1xx_it.o
 .debug_ranges  0x000003a0       0x28 src\system_stm32f10x.o
 .debug_ranges  0x000003c8       0x50 src\tiny_printf.o

.debug_line     0x00000000     0x18f6
 .debug_line    0x00000000       0xb8 src\ADC_program.o
 .debug_line    0x000000b8       0xa8 src\AFIO_program.o
 .debug_line    0x00000160      0x1e6 src\EXTI_program.o
 .debug_line    0x00000346      0x1dd src\FLOATtoARRAY.o
 .debug_line    0x00000523       0x47 src\Font.o
 .debug_line    0x0000056a       0xd5 src\GPIO_program.o
 .debug_line    0x0000063f       0xd4 src\NVIC_program.o
 .debug_line    0x00000713       0xc7 src\RCC_program.o
 .debug_line    0x000007da       0xaf src\SPI_program.o
 .debug_line    0x00000889      0x103 src\STK_program.o
 .debug_line    0x0000098c      0x298 src\TFT_program.o
 .debug_line    0x00000c24      0x171 src\TIMER2_program.o
 .debug_line    0x00000d95      0x3bd src\main.o
 .debug_line    0x00001152       0x7c src\startup_stm32f10x_md.o
 .debug_line    0x000011ce      0x21f src\stm32f1xx_it.o
 .debug_line    0x000013ed      0x24a src\system_stm32f10x.o
 .debug_line    0x00001637      0x2bf src\tiny_printf.o

.debug_str      0x00000000     0x14c8
 .debug_str     0x00000000      0x19b src\ADC_program.o
                                0x1c9 (size before relaxing)
 .debug_str     0x0000019b       0xb1 src\AFIO_program.o
                                0x1f4 (size before relaxing)
 .debug_str     0x0000024c      0x166 src\EXTI_program.o
                                0x2b5 (size before relaxing)
 .debug_str     0x000003b2      0x4b8 src\FLOATtoARRAY.o
                                0x639 (size before relaxing)
 .debug_str     0x0000086a       0x13 src\Font.o
                                0x14a (size before relaxing)
 .debug_str     0x0000087d       0x9b src\GPIO_program.o
                                0x1c9 (size before relaxing)
 .debug_str     0x00000918      0x12e src\NVIC_program.o
                                0x25c (size before relaxing)
 .debug_str     0x00000a46       0xb1 src\RCC_program.o
                                0x1e4 (size before relaxing)
 .debug_str     0x00000af7       0xc1 src\SPI_program.o
                                0x1f8 (size before relaxing)
 .debug_str     0x00000bb8      0x147 src\STK_program.o
                                0x27e (size before relaxing)
 .debug_str     0x00000cff      0x234 src\TFT_program.o
                                0x38e (size before relaxing)
 .debug_str     0x00000f33      0x163 src\TIMER2_program.o
                                0x2c1 (size before relaxing)
 .debug_str     0x00001096      0x19a src\main.o
                                0x73c (size before relaxing)
 .debug_str     0x00001230       0xc8 src\stm32f1xx_it.o
                                0x235 (size before relaxing)
 .debug_str     0x000012f8      0x130 src\system_stm32f10x.o
                                0x321 (size before relaxing)
 .debug_str     0x00001428       0xa0 src\tiny_printf.o
                                0x65a (size before relaxing)

.comment        0x00000000       0x7c
 .comment       0x00000000       0x7c src\ADC_program.o
                                 0x7d (size before relaxing)
 .comment       0x0000007c       0x7d src\AFIO_program.o
 .comment       0x0000007c       0x7d src\EXTI_program.o
 .comment       0x0000007c       0x7d src\FLOATtoARRAY.o
 .comment       0x0000007c       0x7d src\Font.o
 .comment       0x0000007c       0x7d src\GPIO_program.o
 .comment       0x0000007c       0x7d src\NVIC_program.o
 .comment       0x0000007c       0x7d src\RCC_program.o
 .comment       0x0000007c       0x7d src\SPI_program.o
 .comment       0x0000007c       0x7d src\STK_program.o
 .comment       0x0000007c       0x7d src\TFT_program.o
 .comment       0x0000007c       0x7d src\TIMER2_program.o
 .comment       0x0000007c       0x7d src\main.o
 .comment       0x0000007c       0x7d src\stm32f1xx_it.o
 .comment       0x0000007c       0x7d src\system_stm32f10x.o
 .comment       0x0000007c       0x7d src\tiny_printf.o

.debug_frame    0x00000000     0x1690
 .debug_frame   0x00000000       0x98 src\ADC_program.o
 .debug_frame   0x00000098       0x88 src\AFIO_program.o
 .debug_frame   0x00000120      0x1ec src\EXTI_program.o
 .debug_frame   0x0000030c       0x84 src\FLOATtoARRAY.o
 .debug_frame   0x00000390       0x88 src\GPIO_program.o
 .debug_frame   0x00000418      0x120 src\NVIC_program.o
 .debug_frame   0x00000538       0xa8 src\RCC_program.o
 .debug_frame   0x000005e0       0x98 src\SPI_program.o
 .debug_frame   0x00000678      0x13c src\STK_program.o
 .debug_frame   0x000007b4      0x25c src\TFT_program.o
 .debug_frame   0x00000a10      0x154 src\TIMER2_program.o
 .debug_frame   0x00000b64      0x208 src\main.o
 .debug_frame   0x00000d6c       0xf0 src\stm32f1xx_it.o
 .debug_frame   0x00000e5c       0x98 src\system_stm32f10x.o
 .debug_frame   0x00000ef4      0x1bc src\tiny_printf.o
 .debug_frame   0x000010b0       0x2c c:/program files (x86)/atollic/truestudio for stm32 9.3.0/armtools/bin/../lib/gcc/arm-atollic-eabi/6.3.1/../../../../arm-atollic-eabi/lib/armv7-m\libc_nano.a(lib_a-init.o)
 .debug_frame   0x000010dc       0x40 c:/program files (x86)/atollic/truestudio for stm32 9.3.0/armtools/bin/../lib/gcc/arm-atollic-eabi/6.3.1/../../../../arm-atollic-eabi/lib/armv7-m\libm.a(lib_a-w_pow.o)
 .debug_frame   0x0000111c       0x64 c:/program files (x86)/atollic/truestudio for stm32 9.3.0/armtools/bin/../lib/gcc/arm-atollic-eabi/6.3.1/../../../../arm-atollic-eabi/lib/armv7-m\libm.a(lib_a-e_pow.o)
 .debug_frame   0x00001180       0x30 c:/program files (x86)/atollic/truestudio for stm32 9.3.0/armtools/bin/../lib/gcc/arm-atollic-eabi/6.3.1/../../../../arm-atollic-eabi/lib/armv7-m\libm.a(lib_a-e_sqrt.o)
 .debug_frame   0x000011b0       0x20 c:/program files (x86)/atollic/truestudio for stm32 9.3.0/armtools/bin/../lib/gcc/arm-atollic-eabi/6.3.1/../../../../arm-atollic-eabi/lib/armv7-m\libm.a(lib_a-s_fabs.o)
 .debug_frame   0x000011d0       0x20 c:/program files (x86)/atollic/truestudio for stm32 9.3.0/armtools/bin/../lib/gcc/arm-atollic-eabi/6.3.1/../../../../arm-atollic-eabi/lib/armv7-m\libm.a(lib_a-s_finite.o)
 .debug_frame   0x000011f0       0x20 c:/program files (x86)/atollic/truestudio for stm32 9.3.0/armtools/bin/../lib/gcc/arm-atollic-eabi/6.3.1/../../../../arm-atollic-eabi/lib/armv7-m\libm.a(lib_a-s_matherr.o)
 .debug_frame   0x00001210       0x20 c:/program files (x86)/atollic/truestudio for stm32 9.3.0/armtools/bin/../lib/gcc/arm-atollic-eabi/6.3.1/../../../../arm-atollic-eabi/lib/armv7-m\libm.a(lib_a-s_nan.o)
 .debug_frame   0x00001230       0x34 c:/program files (x86)/atollic/truestudio for stm32 9.3.0/armtools/bin/../lib/gcc/arm-atollic-eabi/6.3.1/../../../../arm-atollic-eabi/lib/armv7-m\libm.a(lib_a-s_rint.o)
 .debug_frame   0x00001264       0x30 c:/program files (x86)/atollic/truestudio for stm32 9.3.0/armtools/bin/../lib/gcc/arm-atollic-eabi/6.3.1/../../../../arm-atollic-eabi/lib/armv7-m\libm.a(lib_a-s_scalbn.o)
 .debug_frame   0x00001294       0x20 c:/program files (x86)/atollic/truestudio for stm32 9.3.0/armtools/bin/../lib/gcc/arm-atollic-eabi/6.3.1/../../../../arm-atollic-eabi/lib/armv7-m\libm.a(lib_a-s_copysign.o)
 .debug_frame   0x000012b4       0x20 c:/program files (x86)/atollic/truestudio for stm32 9.3.0/armtools/bin/../lib/gcc/arm-atollic-eabi/6.3.1/../../../../arm-atollic-eabi/lib/armv7-m\libc_nano.a(lib_a-errno.o)
 .debug_frame   0x000012d4       0xac c:/program files (x86)/atollic/truestudio for stm32 9.3.0/armtools/bin/../lib/gcc/arm-atollic-eabi/6.3.1/armv7-m\libgcc.a(_arm_addsubdf3.o)
 .debug_frame   0x00001380       0x50 c:/program files (x86)/atollic/truestudio for stm32 9.3.0/armtools/bin/../lib/gcc/arm-atollic-eabi/6.3.1/armv7-m\libgcc.a(_arm_muldivdf3.o)
 .debug_frame   0x000013d0       0xc4 c:/program files (x86)/atollic/truestudio for stm32 9.3.0/armtools/bin/../lib/gcc/arm-atollic-eabi/6.3.1/armv7-m\libgcc.a(_arm_cmpdf2.o)
 .debug_frame   0x00001494       0x20 c:/program files (x86)/atollic/truestudio for stm32 9.3.0/armtools/bin/../lib/gcc/arm-atollic-eabi/6.3.1/armv7-m\libgcc.a(_arm_unorddf2.o)
 .debug_frame   0x000014b4       0x24 c:/program files (x86)/atollic/truestudio for stm32 9.3.0/armtools/bin/../lib/gcc/arm-atollic-eabi/6.3.1/armv7-m\libgcc.a(_arm_fixdfsi.o)
 .debug_frame   0x000014d8       0x24 c:/program files (x86)/atollic/truestudio for stm32 9.3.0/armtools/bin/../lib/gcc/arm-atollic-eabi/6.3.1/armv7-m\libgcc.a(_arm_truncdfsf2.o)
 .debug_frame   0x000014fc       0x4c c:/program files (x86)/atollic/truestudio for stm32 9.3.0/armtools/bin/../lib/gcc/arm-atollic-eabi/6.3.1/armv7-m\libgcc.a(_arm_addsubsf3.o)
 .debug_frame   0x00001548       0x38 c:/program files (x86)/atollic/truestudio for stm32 9.3.0/armtools/bin/../lib/gcc/arm-atollic-eabi/6.3.1/armv7-m\libgcc.a(_arm_muldivsf3.o)
 .debug_frame   0x00001580       0xc8 c:/program files (x86)/atollic/truestudio for stm32 9.3.0/armtools/bin/../lib/gcc/arm-atollic-eabi/6.3.1/armv7-m\libgcc.a(_arm_cmpsf2.o)
 .debug_frame   0x00001648       0x24 c:/program files (x86)/atollic/truestudio for stm32 9.3.0/armtools/bin/../lib/gcc/arm-atollic-eabi/6.3.1/armv7-m\libgcc.a(_arm_fixsfsi.o)
 .debug_frame   0x0000166c       0x24 c:/program files (x86)/atollic/truestudio for stm32 9.3.0/armtools/bin/../lib/gcc/arm-atollic-eabi/6.3.1/armv7-m\libgcc.a(_arm_fixunssfsi.o)

.stabstr        0x00000000       0x3f
 .stabstr       0x00000000       0x3f c:/program files (x86)/atollic/truestudio for stm32 9.3.0/armtools/bin/../lib/gcc/arm-atollic-eabi/6.3.1/../../../../arm-atollic-eabi/lib/armv7-m\libnosys.a(write.o)

Cross Reference Table

Symbol                                            File
ADC1_2_IRQHandler                                 src\ADC_program.o
ADC_AnalogWatchdogCmd                             Libraries\STM32F10x_StdPeriph_Driver\src\stm32f10x_adc.o
ADC_AnalogWatchdogSingleChannelConfig             Libraries\STM32F10x_StdPeriph_Driver\src\stm32f10x_adc.o
ADC_AnalogWatchdogThresholdsConfig                Libraries\STM32F10x_StdPeriph_Driver\src\stm32f10x_adc.o
ADC_AutoInjectedConvCmd                           Libraries\STM32F10x_StdPeriph_Driver\src\stm32f10x_adc.o
ADC_ClearFlag                                     Libraries\STM32F10x_StdPeriph_Driver\src\stm32f10x_adc.o
ADC_ClearITPendingBit                             Libraries\STM32F10x_StdPeriph_Driver\src\stm32f10x_adc.o
ADC_Cmd                                           Libraries\STM32F10x_StdPeriph_Driver\src\stm32f10x_adc.o
ADC_DMACmd                                        Libraries\STM32F10x_StdPeriph_Driver\src\stm32f10x_adc.o
ADC_DeInit                                        Libraries\STM32F10x_StdPeriph_Driver\src\stm32f10x_adc.o
ADC_DiscModeChannelCountConfig                    Libraries\STM32F10x_StdPeriph_Driver\src\stm32f10x_adc.o
ADC_DiscModeCmd                                   Libraries\STM32F10x_StdPeriph_Driver\src\stm32f10x_adc.o
ADC_ExternalTrigConvCmd                           Libraries\STM32F10x_StdPeriph_Driver\src\stm32f10x_adc.o
ADC_ExternalTrigInjectedConvCmd                   Libraries\STM32F10x_StdPeriph_Driver\src\stm32f10x_adc.o
ADC_ExternalTrigInjectedConvConfig                Libraries\STM32F10x_StdPeriph_Driver\src\stm32f10x_adc.o
ADC_GetCalibrationStatus                          Libraries\STM32F10x_StdPeriph_Driver\src\stm32f10x_adc.o
ADC_GetConversionValue                            Libraries\STM32F10x_StdPeriph_Driver\src\stm32f10x_adc.o
ADC_GetDualModeConversionValue                    Libraries\STM32F10x_StdPeriph_Driver\src\stm32f10x_adc.o
ADC_GetFlagStatus                                 Libraries\STM32F10x_StdPeriph_Driver\src\stm32f10x_adc.o
ADC_GetITStatus                                   Libraries\STM32F10x_StdPeriph_Driver\src\stm32f10x_adc.o
ADC_GetInjectedConversionValue                    Libraries\STM32F10x_StdPeriph_Driver\src\stm32f10x_adc.o
ADC_GetResetCalibrationStatus                     Libraries\STM32F10x_StdPeriph_Driver\src\stm32f10x_adc.o
ADC_GetSoftwareStartConvStatus                    Libraries\STM32F10x_StdPeriph_Driver\src\stm32f10x_adc.o
ADC_GetSoftwareStartInjectedConvCmdStatus         Libraries\STM32F10x_StdPeriph_Driver\src\stm32f10x_adc.o
ADC_ITConfig                                      Libraries\STM32F10x_StdPeriph_Driver\src\stm32f10x_adc.o
ADC_Init                                          Libraries\STM32F10x_StdPeriph_Driver\src\stm32f10x_adc.o
ADC_InjectedChannelConfig                         Libraries\STM32F10x_StdPeriph_Driver\src\stm32f10x_adc.o
ADC_InjectedDiscModeCmd                           Libraries\STM32F10x_StdPeriph_Driver\src\stm32f10x_adc.o
ADC_InjectedSequencerLengthConfig                 Libraries\STM32F10x_StdPeriph_Driver\src\stm32f10x_adc.o
ADC_RegularChannelConfig                          Libraries\STM32F10x_StdPeriph_Driver\src\stm32f10x_adc.o
ADC_ResetCalibration                              Libraries\STM32F10x_StdPeriph_Driver\src\stm32f10x_adc.o
ADC_SetInjectedOffset                             Libraries\STM32F10x_StdPeriph_Driver\src\stm32f10x_adc.o
ADC_SoftwareStartConvCmd                          Libraries\STM32F10x_StdPeriph_Driver\src\stm32f10x_adc.o
ADC_SoftwareStartInjectedConvCmd                  Libraries\STM32F10x_StdPeriph_Driver\src\stm32f10x_adc.o
ADC_StartCalibration                              Libraries\STM32F10x_StdPeriph_Driver\src\stm32f10x_adc.o
ADC_StructInit                                    Libraries\STM32F10x_StdPeriph_Driver\src\stm32f10x_adc.o
ADC_TempSensorVrefintCmd                          Libraries\STM32F10x_StdPeriph_Driver\src\stm32f10x_adc.o
AHBPrescTable                                     src\system_stm32f10x.o
BKP_ClearFlag                                     Libraries\STM32F10x_StdPeriph_Driver\src\stm32f10x_bkp.o
BKP_ClearITPendingBit                             Libraries\STM32F10x_StdPeriph_Driver\src\stm32f10x_bkp.o
BKP_DeInit                                        Libraries\STM32F10x_StdPeriph_Driver\src\stm32f10x_bkp.o
BKP_GetFlagStatus                                 Libraries\STM32F10x_StdPeriph_Driver\src\stm32f10x_bkp.o
BKP_GetITStatus                                   Libraries\STM32F10x_StdPeriph_Driver\src\stm32f10x_bkp.o
BKP_ITConfig                                      Libraries\STM32F10x_StdPeriph_Driver\src\stm32f10x_bkp.o
BKP_RTCOutputConfig                               Libraries\STM32F10x_StdPeriph_Driver\src\stm32f10x_bkp.o
BKP_ReadBackupRegister                            Libraries\STM32F10x_StdPeriph_Driver\src\stm32f10x_bkp.o
BKP_SetRTCCalibrationValue                        Libraries\STM32F10x_StdPeriph_Driver\src\stm32f10x_bkp.o
BKP_TamperPinCmd                                  Libraries\STM32F10x_StdPeriph_Driver\src\stm32f10x_bkp.o
BKP_TamperPinLevelConfig                          Libraries\STM32F10x_StdPeriph_Driver\src\stm32f10x_bkp.o
BKP_WriteBackupRegister                           Libraries\STM32F10x_StdPeriph_Driver\src\stm32f10x_bkp.o
BusFault_Handler                                  src\stm32f1xx_it.o
                                                  src\startup_stm32f10x_md.o
CAN1_RX1_IRQHandler                               src\startup_stm32f10x_md.o
CAN1_SCE_IRQHandler                               src\startup_stm32f10x_md.o
CAN_CancelTransmit                                Libraries\STM32F10x_StdPeriph_Driver\src\stm32f10x_can.o
CAN_ClearFlag                                     Libraries\STM32F10x_StdPeriph_Driver\src\stm32f10x_can.o
CAN_ClearITPendingBit                             Libraries\STM32F10x_StdPeriph_Driver\src\stm32f10x_can.o
CAN_DBGFreeze                                     Libraries\STM32F10x_StdPeriph_Driver\src\stm32f10x_can.o
CAN_DeInit                                        Libraries\STM32F10x_StdPeriph_Driver\src\stm32f10x_can.o
CAN_FIFORelease                                   Libraries\STM32F10x_StdPeriph_Driver\src\stm32f10x_can.o
CAN_FilterInit                                    Libraries\STM32F10x_StdPeriph_Driver\src\stm32f10x_can.o
CAN_GetFlagStatus                                 Libraries\STM32F10x_StdPeriph_Driver\src\stm32f10x_can.o
CAN_GetITStatus                                   Libraries\STM32F10x_StdPeriph_Driver\src\stm32f10x_can.o
CAN_GetLSBTransmitErrorCounter                    Libraries\STM32F10x_StdPeriph_Driver\src\stm32f10x_can.o
CAN_GetLastErrorCode                              Libraries\STM32F10x_StdPeriph_Driver\src\stm32f10x_can.o
CAN_GetReceiveErrorCounter                        Libraries\STM32F10x_StdPeriph_Driver\src\stm32f10x_can.o
CAN_ITConfig                                      Libraries\STM32F10x_StdPeriph_Driver\src\stm32f10x_can.o
CAN_Init                                          Libraries\STM32F10x_StdPeriph_Driver\src\stm32f10x_can.o
CAN_MessagePending                                Libraries\STM32F10x_StdPeriph_Driver\src\stm32f10x_can.o
CAN_OperatingModeRequest                          Libraries\STM32F10x_StdPeriph_Driver\src\stm32f10x_can.o
CAN_Receive                                       Libraries\STM32F10x_StdPeriph_Driver\src\stm32f10x_can.o
CAN_SlaveStartBank                                Libraries\STM32F10x_StdPeriph_Driver\src\stm32f10x_can.o
CAN_Sleep                                         Libraries\STM32F10x_StdPeriph_Driver\src\stm32f10x_can.o
CAN_StructInit                                    Libraries\STM32F10x_StdPeriph_Driver\src\stm32f10x_can.o
CAN_TTComModeCmd                                  Libraries\STM32F10x_StdPeriph_Driver\src\stm32f10x_can.o
CAN_Transmit                                      Libraries\STM32F10x_StdPeriph_Driver\src\stm32f10x_can.o
CAN_TransmitStatus                                Libraries\STM32F10x_StdPeriph_Driver\src\stm32f10x_can.o
CAN_WakeUp                                        Libraries\STM32F10x_StdPeriph_Driver\src\stm32f10x_can.o
CEC_ClearFlag                                     Libraries\STM32F10x_StdPeriph_Driver\src\stm32f10x_cec.o
CEC_ClearITPendingBit                             Libraries\STM32F10x_StdPeriph_Driver\src\stm32f10x_cec.o
CEC_Cmd                                           Libraries\STM32F10x_StdPeriph_Driver\src\stm32f10x_cec.o
CEC_DeInit                                        Libraries\STM32F10x_StdPeriph_Driver\src\stm32f10x_cec.o
CEC_EndOfMessageCmd                               Libraries\STM32F10x_StdPeriph_Driver\src\stm32f10x_cec.o
CEC_GetFlagStatus                                 Libraries\STM32F10x_StdPeriph_Driver\src\stm32f10x_cec.o
CEC_GetITStatus                                   Libraries\STM32F10x_StdPeriph_Driver\src\stm32f10x_cec.o
CEC_ITConfig                                      Libraries\STM32F10x_StdPeriph_Driver\src\stm32f10x_cec.o
CEC_Init                                          Libraries\STM32F10x_StdPeriph_Driver\src\stm32f10x_cec.o
CEC_OwnAddressConfig                              Libraries\STM32F10x_StdPeriph_Driver\src\stm32f10x_cec.o
CEC_ReceiveDataByte                               Libraries\STM32F10x_StdPeriph_Driver\src\stm32f10x_cec.o
CEC_SendDataByte                                  Libraries\STM32F10x_StdPeriph_Driver\src\stm32f10x_cec.o
CEC_SetPrescaler                                  Libraries\STM32F10x_StdPeriph_Driver\src\stm32f10x_cec.o
CEC_StartOfMessage                                Libraries\STM32F10x_StdPeriph_Driver\src\stm32f10x_cec.o
CRC_CalcBlockCRC                                  Libraries\STM32F10x_StdPeriph_Driver\src\stm32f10x_crc.o
CRC_CalcCRC                                       Libraries\STM32F10x_StdPeriph_Driver\src\stm32f10x_crc.o
CRC_GetCRC                                        Libraries\STM32F10x_StdPeriph_Driver\src\stm32f10x_crc.o
CRC_GetIDRegister                                 Libraries\STM32F10x_StdPeriph_Driver\src\stm32f10x_crc.o
CRC_ResetDR                                       Libraries\STM32F10x_StdPeriph_Driver\src\stm32f10x_crc.o
CRC_SetIDRegister                                 Libraries\STM32F10x_StdPeriph_Driver\src\stm32f10x_crc.o
CallBack                                          src\SPI_program.o
CaptureCompareCall                                src\TIMER2_program.o
DAC_Cmd                                           Libraries\STM32F10x_StdPeriph_Driver\src\stm32f10x_dac.o
DAC_DMACmd                                        Libraries\STM32F10x_StdPeriph_Driver\src\stm32f10x_dac.o
DAC_DeInit                                        Libraries\STM32F10x_StdPeriph_Driver\src\stm32f10x_dac.o
DAC_DualSoftwareTriggerCmd                        Libraries\STM32F10x_StdPeriph_Driver\src\stm32f10x_dac.o
DAC_GetDataOutputValue                            Libraries\STM32F10x_StdPeriph_Driver\src\stm32f10x_dac.o
DAC_Init                                          Libraries\STM32F10x_StdPeriph_Driver\src\stm32f10x_dac.o
DAC_SetChannel1Data                               Libraries\STM32F10x_StdPeriph_Driver\src\stm32f10x_dac.o
DAC_SetChannel2Data                               Libraries\STM32F10x_StdPeriph_Driver\src\stm32f10x_dac.o
DAC_SetDualChannelData                            Libraries\STM32F10x_StdPeriph_Driver\src\stm32f10x_dac.o
DAC_SoftwareTriggerCmd                            Libraries\STM32F10x_StdPeriph_Driver\src\stm32f10x_dac.o
DAC_StructInit                                    Libraries\STM32F10x_StdPeriph_Driver\src\stm32f10x_dac.o
DAC_WaveGenerationCmd                             Libraries\STM32F10x_StdPeriph_Driver\src\stm32f10x_dac.o
DBGMCU_Config                                     Libraries\STM32F10x_StdPeriph_Driver\src\stm32f10x_dbgmcu.o
DBGMCU_GetDEVID                                   Libraries\STM32F10x_StdPeriph_Driver\src\stm32f10x_dbgmcu.o
DBGMCU_GetREVID                                   Libraries\STM32F10x_StdPeriph_Driver\src\stm32f10x_dbgmcu.o
DMA1_Channel1_IRQHandler                          src\startup_stm32f10x_md.o
DMA1_Channel2_IRQHandler                          src\startup_stm32f10x_md.o
DMA1_Channel3_IRQHandler                          src\startup_stm32f10x_md.o
DMA1_Channel4_IRQHandler                          src\startup_stm32f10x_md.o
DMA1_Channel5_IRQHandler                          src\startup_stm32f10x_md.o
DMA1_Channel6_IRQHandler                          src\startup_stm32f10x_md.o
DMA1_Channel7_IRQHandler                          src\startup_stm32f10x_md.o
DMA_ClearFlag                                     Libraries\STM32F10x_StdPeriph_Driver\src\stm32f10x_dma.o
DMA_ClearITPendingBit                             Libraries\STM32F10x_StdPeriph_Driver\src\stm32f10x_dma.o
DMA_Cmd                                           Libraries\STM32F10x_StdPeriph_Driver\src\stm32f10x_dma.o
DMA_DeInit                                        Libraries\STM32F10x_StdPeriph_Driver\src\stm32f10x_dma.o
DMA_GetCurrDataCounter                            Libraries\STM32F10x_StdPeriph_Driver\src\stm32f10x_dma.o
DMA_GetFlagStatus                                 Libraries\STM32F10x_StdPeriph_Driver\src\stm32f10x_dma.o
DMA_GetITStatus                                   Libraries\STM32F10x_StdPeriph_Driver\src\stm32f10x_dma.o
DMA_ITConfig                                      Libraries\STM32F10x_StdPeriph_Driver\src\stm32f10x_dma.o
DMA_Init                                          Libraries\STM32F10x_StdPeriph_Driver\src\stm32f10x_dma.o
DMA_SetCurrDataCounter                            Libraries\STM32F10x_StdPeriph_Driver\src\stm32f10x_dma.o
DMA_StructInit                                    Libraries\STM32F10x_StdPeriph_Driver\src\stm32f10x_dma.o
DebugMon_Handler                                  src\stm32f1xx_it.o
                                                  src\startup_stm32f10x_md.o
Default_Handler                                   src\startup_stm32f10x_md.o
Display_Record                                    src\main.o
EXTI0_IRQHandler                                  src\EXTI_program.o
EXTI15_10_IRQHandler                              src\EXTI_program.o
EXTI1_IRQHandler                                  src\EXTI_program.o
EXTI2_IRQHandler                                  src\EXTI_program.o
EXTI3_IRQHandler                                  src\EXTI_program.o
EXTI4_IRQHandler                                  src\EXTI_program.o
EXTI9_5_IRQHandler                                src\EXTI_program.o
EXTI_ClearFlag                                    Libraries\STM32F10x_StdPeriph_Driver\src\stm32f10x_exti.o
EXTI_ClearITPendingBit                            Libraries\STM32F10x_StdPeriph_Driver\src\stm32f10x_exti.o
EXTI_DeInit                                       Libraries\STM32F10x_StdPeriph_Driver\src\stm32f10x_exti.o
EXTI_GenerateSWInterrupt                          Libraries\STM32F10x_StdPeriph_Driver\src\stm32f10x_exti.o
EXTI_GetFlagStatus                                Libraries\STM32F10x_StdPeriph_Driver\src\stm32f10x_exti.o
EXTI_GetITStatus                                  Libraries\STM32F10x_StdPeriph_Driver\src\stm32f10x_exti.o
EXTI_Init                                         Libraries\STM32F10x_StdPeriph_Driver\src\stm32f10x_exti.o
EXTI_StructInit                                   Libraries\STM32F10x_StdPeriph_Driver\src\stm32f10x_exti.o
EnableInterrupts                                  src\main.o
ExternalInterruptConfig                           src\main.o
FLASH_ClearFlag                                   Libraries\STM32F10x_StdPeriph_Driver\src\stm32f10x_flash.o
FLASH_EnableWriteProtection                       Libraries\STM32F10x_StdPeriph_Driver\src\stm32f10x_flash.o
FLASH_EraseAllBank1Pages                          Libraries\STM32F10x_StdPeriph_Driver\src\stm32f10x_flash.o
FLASH_EraseAllPages                               Libraries\STM32F10x_StdPeriph_Driver\src\stm32f10x_flash.o
FLASH_EraseOptionBytes                            Libraries\STM32F10x_StdPeriph_Driver\src\stm32f10x_flash.o
FLASH_ErasePage                                   Libraries\STM32F10x_StdPeriph_Driver\src\stm32f10x_flash.o
FLASH_GetBank1Status                              Libraries\STM32F10x_StdPeriph_Driver\src\stm32f10x_flash.o
FLASH_GetFlagStatus                               Libraries\STM32F10x_StdPeriph_Driver\src\stm32f10x_flash.o
FLASH_GetPrefetchBufferStatus                     Libraries\STM32F10x_StdPeriph_Driver\src\stm32f10x_flash.o
FLASH_GetReadOutProtectionStatus                  Libraries\STM32F10x_StdPeriph_Driver\src\stm32f10x_flash.o
FLASH_GetStatus                                   Libraries\STM32F10x_StdPeriph_Driver\src\stm32f10x_flash.o
FLASH_GetUserOptionByte                           Libraries\STM32F10x_StdPeriph_Driver\src\stm32f10x_flash.o
FLASH_GetWriteProtectionOptionByte                Libraries\STM32F10x_StdPeriph_Driver\src\stm32f10x_flash.o
FLASH_HalfCycleAccessCmd                          Libraries\STM32F10x_StdPeriph_Driver\src\stm32f10x_flash.o
FLASH_IRQHandler                                  src\startup_stm32f10x_md.o
FLASH_ITConfig                                    Libraries\STM32F10x_StdPeriph_Driver\src\stm32f10x_flash.o
FLASH_Lock                                        Libraries\STM32F10x_StdPeriph_Driver\src\stm32f10x_flash.o
FLASH_LockBank1                                   Libraries\STM32F10x_StdPeriph_Driver\src\stm32f10x_flash.o
FLASH_PrefetchBufferCmd                           Libraries\STM32F10x_StdPeriph_Driver\src\stm32f10x_flash.o
FLASH_ProgramHalfWord                             Libraries\STM32F10x_StdPeriph_Driver\src\stm32f10x_flash.o
FLASH_ProgramOptionByteData                       Libraries\STM32F10x_StdPeriph_Driver\src\stm32f10x_flash.o
FLASH_ProgramWord                                 Libraries\STM32F10x_StdPeriph_Driver\src\stm32f10x_flash.o
FLASH_ReadOutProtection                           Libraries\STM32F10x_StdPeriph_Driver\src\stm32f10x_flash.o
FLASH_SetLatency                                  Libraries\STM32F10x_StdPeriph_Driver\src\stm32f10x_flash.o
FLASH_Unlock                                      Libraries\STM32F10x_StdPeriph_Driver\src\stm32f10x_flash.o
FLASH_UnlockBank1                                 Libraries\STM32F10x_StdPeriph_Driver\src\stm32f10x_flash.o
FLASH_UserOptionByteConfig                        Libraries\STM32F10x_StdPeriph_Driver\src\stm32f10x_flash.o
FLASH_WaitForLastBank1Operation                   Libraries\STM32F10x_StdPeriph_Driver\src\stm32f10x_flash.o
FLASH_WaitForLastOperation                        Libraries\STM32F10x_StdPeriph_Driver\src\stm32f10x_flash.o
FSMC_ClearFlag                                    Libraries\STM32F10x_StdPeriph_Driver\src\stm32f10x_fsmc.o
FSMC_ClearITPendingBit                            Libraries\STM32F10x_StdPeriph_Driver\src\stm32f10x_fsmc.o
FSMC_GetECC                                       Libraries\STM32F10x_StdPeriph_Driver\src\stm32f10x_fsmc.o
FSMC_GetFlagStatus                                Libraries\STM32F10x_StdPeriph_Driver\src\stm32f10x_fsmc.o
FSMC_GetITStatus                                  Libraries\STM32F10x_StdPeriph_Driver\src\stm32f10x_fsmc.o
FSMC_ITConfig                                     Libraries\STM32F10x_StdPeriph_Driver\src\stm32f10x_fsmc.o
FSMC_NANDCmd                                      Libraries\STM32F10x_StdPeriph_Driver\src\stm32f10x_fsmc.o
FSMC_NANDDeInit                                   Libraries\STM32F10x_StdPeriph_Driver\src\stm32f10x_fsmc.o
FSMC_NANDECCCmd                                   Libraries\STM32F10x_StdPeriph_Driver\src\stm32f10x_fsmc.o
FSMC_NANDInit                                     Libraries\STM32F10x_StdPeriph_Driver\src\stm32f10x_fsmc.o
FSMC_NANDStructInit                               Libraries\STM32F10x_StdPeriph_Driver\src\stm32f10x_fsmc.o
FSMC_NORSRAMCmd                                   Libraries\STM32F10x_StdPeriph_Driver\src\stm32f10x_fsmc.o
FSMC_NORSRAMDeInit                                Libraries\STM32F10x_StdPeriph_Driver\src\stm32f10x_fsmc.o
FSMC_NORSRAMInit                                  Libraries\STM32F10x_StdPeriph_Driver\src\stm32f10x_fsmc.o
FSMC_NORSRAMStructInit                            Libraries\STM32F10x_StdPeriph_Driver\src\stm32f10x_fsmc.o
FSMC_PCCARDCmd                                    Libraries\STM32F10x_StdPeriph_Driver\src\stm32f10x_fsmc.o
FSMC_PCCARDDeInit                                 Libraries\STM32F10x_StdPeriph_Driver\src\stm32f10x_fsmc.o
FSMC_PCCARDInit                                   Libraries\STM32F10x_StdPeriph_Driver\src\stm32f10x_fsmc.o
FSMC_PCCARDStructInit                             Libraries\STM32F10x_StdPeriph_Driver\src\stm32f10x_fsmc.o
FrequencyMeasured                                 src\main.o
GPIO_AFIODeInit                                   Libraries\STM32F10x_StdPeriph_Driver\src\stm32f10x_gpio.o
GPIO_DeInit                                       Libraries\STM32F10x_StdPeriph_Driver\src\stm32f10x_gpio.o
GPIO_ETH_MediaInterfaceConfig                     Libraries\STM32F10x_StdPeriph_Driver\src\stm32f10x_gpio.o
GPIO_EXTILineConfig                               Libraries\STM32F10x_StdPeriph_Driver\src\stm32f10x_gpio.o
GPIO_EventOutputCmd                               Libraries\STM32F10x_StdPeriph_Driver\src\stm32f10x_gpio.o
GPIO_EventOutputConfig                            Libraries\STM32F10x_StdPeriph_Driver\src\stm32f10x_gpio.o
GPIO_Init                                         Libraries\STM32F10x_StdPeriph_Driver\src\stm32f10x_gpio.o
GPIO_PinLockConfig                                Libraries\STM32F10x_StdPeriph_Driver\src\stm32f10x_gpio.o
GPIO_PinRemapConfig                               Libraries\STM32F10x_StdPeriph_Driver\src\stm32f10x_gpio.o
GPIO_ReadInputData                                Libraries\STM32F10x_StdPeriph_Driver\src\stm32f10x_gpio.o
GPIO_ReadInputDataBit                             Libraries\STM32F10x_StdPeriph_Driver\src\stm32f10x_gpio.o
GPIO_ReadOutputData                               Libraries\STM32F10x_StdPeriph_Driver\src\stm32f10x_gpio.o
GPIO_ReadOutputDataBit                            Libraries\STM32F10x_StdPeriph_Driver\src\stm32f10x_gpio.o
GPIO_ResetBits                                    Libraries\STM32F10x_StdPeriph_Driver\src\stm32f10x_gpio.o
GPIO_SetBits                                      Libraries\STM32F10x_StdPeriph_Driver\src\stm32f10x_gpio.o
GPIO_StructInit                                   Libraries\STM32F10x_StdPeriph_Driver\src\stm32f10x_gpio.o
GPIO_Write                                        Libraries\STM32F10x_StdPeriph_Driver\src\stm32f10x_gpio.o
GPIO_WriteBit                                     Libraries\STM32F10x_StdPeriph_Driver\src\stm32f10x_gpio.o
HHH                                               src\TIMER2_program.o
HTFT_DisplayOff                                   src\TFT_program.o
HTFT_DrawChar                                     src\TFT_program.o
HTFT_DrawFilledCircle                             src\TFT_program.o
HTFT_DrawHollowCircle                             src\TFT_program.o
HTFT_DrawLine                                     src\TFT_program.o
                                                  src\main.o
HTFT_DrawPixel                                    src\TFT_program.o
                                                  src\main.o
HTFT_DrawRectangle                                src\TFT_program.o
                                                  src\main.o
HTFT_DrawText                                     src\TFT_program.o
                                                  src\main.o
HTFT_SetRotation                                  src\TFT_program.o
                                                  src\main.o
HTFT_voidDisplayImage                             src\TFT_program.o
HTFT_voidFill                                     src\TFT_program.o
                                                  src\main.o
HTFT_voidFillScreen                               src\TFT_program.o
                                                  src\main.o
HTFT_voidInit                                     src\TFT_program.o
                                                  src\main.o
HardFault_Handler                                 src\stm32f1xx_it.o
                                                  src\startup_stm32f10x_md.o
HorizontalZoomIn                                  src\main.o
HorizontalZoomOut                                 src\main.o
I2C1_ER_IRQHandler                                src\startup_stm32f10x_md.o
I2C1_EV_IRQHandler                                src\startup_stm32f10x_md.o
I2C2_ER_IRQHandler                                src\startup_stm32f10x_md.o
I2C2_EV_IRQHandler                                src\startup_stm32f10x_md.o
I2C_ARPCmd                                        Libraries\STM32F10x_StdPeriph_Driver\src\stm32f10x_i2c.o
I2C_AcknowledgeConfig                             Libraries\STM32F10x_StdPeriph_Driver\src\stm32f10x_i2c.o
I2C_CalculatePEC                                  Libraries\STM32F10x_StdPeriph_Driver\src\stm32f10x_i2c.o
I2C_CheckEvent                                    Libraries\STM32F10x_StdPeriph_Driver\src\stm32f10x_i2c.o
I2C_ClearFlag                                     Libraries\STM32F10x_StdPeriph_Driver\src\stm32f10x_i2c.o
I2C_ClearITPendingBit                             Libraries\STM32F10x_StdPeriph_Driver\src\stm32f10x_i2c.o
I2C_Cmd                                           Libraries\STM32F10x_StdPeriph_Driver\src\stm32f10x_i2c.o
I2C_DMACmd                                        Libraries\STM32F10x_StdPeriph_Driver\src\stm32f10x_i2c.o
I2C_DMALastTransferCmd                            Libraries\STM32F10x_StdPeriph_Driver\src\stm32f10x_i2c.o
I2C_DeInit                                        Libraries\STM32F10x_StdPeriph_Driver\src\stm32f10x_i2c.o
I2C_DualAddressCmd                                Libraries\STM32F10x_StdPeriph_Driver\src\stm32f10x_i2c.o
I2C_FastModeDutyCycleConfig                       Libraries\STM32F10x_StdPeriph_Driver\src\stm32f10x_i2c.o
I2C_GeneralCallCmd                                Libraries\STM32F10x_StdPeriph_Driver\src\stm32f10x_i2c.o
I2C_GenerateSTART                                 Libraries\STM32F10x_StdPeriph_Driver\src\stm32f10x_i2c.o
I2C_GenerateSTOP                                  Libraries\STM32F10x_StdPeriph_Driver\src\stm32f10x_i2c.o
I2C_GetFlagStatus                                 Libraries\STM32F10x_StdPeriph_Driver\src\stm32f10x_i2c.o
I2C_GetITStatus                                   Libraries\STM32F10x_StdPeriph_Driver\src\stm32f10x_i2c.o
I2C_GetLastEvent                                  Libraries\STM32F10x_StdPeriph_Driver\src\stm32f10x_i2c.o
I2C_GetPEC                                        Libraries\STM32F10x_StdPeriph_Driver\src\stm32f10x_i2c.o
I2C_ITConfig                                      Libraries\STM32F10x_StdPeriph_Driver\src\stm32f10x_i2c.o
I2C_Init                                          Libraries\STM32F10x_StdPeriph_Driver\src\stm32f10x_i2c.o
I2C_NACKPositionConfig                            Libraries\STM32F10x_StdPeriph_Driver\src\stm32f10x_i2c.o
I2C_OwnAddress2Config                             Libraries\STM32F10x_StdPeriph_Driver\src\stm32f10x_i2c.o
I2C_PECPositionConfig                             Libraries\STM32F10x_StdPeriph_Driver\src\stm32f10x_i2c.o
I2C_ReadRegister                                  Libraries\STM32F10x_StdPeriph_Driver\src\stm32f10x_i2c.o
I2C_ReceiveData                                   Libraries\STM32F10x_StdPeriph_Driver\src\stm32f10x_i2c.o
I2C_SMBusAlertConfig                              Libraries\STM32F10x_StdPeriph_Driver\src\stm32f10x_i2c.o
I2C_Send7bitAddress                               Libraries\STM32F10x_StdPeriph_Driver\src\stm32f10x_i2c.o
I2C_SendData                                      Libraries\STM32F10x_StdPeriph_Driver\src\stm32f10x_i2c.o
I2C_SoftwareResetCmd                              Libraries\STM32F10x_StdPeriph_Driver\src\stm32f10x_i2c.o
I2C_StretchClockCmd                               Libraries\STM32F10x_StdPeriph_Driver\src\stm32f10x_i2c.o
I2C_StructInit                                    Libraries\STM32F10x_StdPeriph_Driver\src\stm32f10x_i2c.o
I2C_TransmitPEC                                   Libraries\STM32F10x_StdPeriph_Driver\src\stm32f10x_i2c.o
I2S_Cmd                                           Libraries\STM32F10x_StdPeriph_Driver\src\stm32f10x_spi.o
I2S_Init                                          Libraries\STM32F10x_StdPeriph_Driver\src\stm32f10x_spi.o
I2S_StructInit                                    Libraries\STM32F10x_StdPeriph_Driver\src\stm32f10x_spi.o
IWDG_Enable                                       Libraries\STM32F10x_StdPeriph_Driver\src\stm32f10x_iwdg.o
IWDG_GetFlagStatus                                Libraries\STM32F10x_StdPeriph_Driver\src\stm32f10x_iwdg.o
IWDG_ReloadCounter                                Libraries\STM32F10x_StdPeriph_Driver\src\stm32f10x_iwdg.o
IWDG_SetPrescaler                                 Libraries\STM32F10x_StdPeriph_Driver\src\stm32f10x_iwdg.o
IWDG_SetReload                                    Libraries\STM32F10x_StdPeriph_Driver\src\stm32f10x_iwdg.o
IWDG_WriteAccessCmd                               Libraries\STM32F10x_StdPeriph_Driver\src\stm32f10x_iwdg.o
Init_Osciliscope                                  src\main.o
MADC_u16GetData                                   src\ADC_program.o
                                                  src\main.o
MADC_voidCallBack                                 src\ADC_program.o
MADC_voidInit                                     src\ADC_program.o
                                                  src\main.o
MAFIO_voidRemap                                   src\AFIO_program.o
                                                  src\main.o
MAFIO_voidSetEXTIConfiguration                    src\AFIO_program.o
                                                  src\main.o
MAFIO_voidUnMap                                   src\AFIO_program.o
MEXTI_u8GetInterruptStatus                        src\EXTI_program.o
MEXTI_voidDisableEXTI                             src\EXTI_program.o
MEXTI_voidEnableEXTI                              src\EXTI_program.o
MEXTI_voidInit                                    src\EXTI_program.o
MEXTI_voidSetCallBack                             src\EXTI_program.o
                                                  src\main.o
MEXTI_voidSetSignalLatch                          src\EXTI_program.o
                                                  src\main.o
MEXTI_voidSwTrigger                               src\EXTI_program.o
MGPIO_u8GetPinValue                               src\GPIO_program.o
                                                  src\main.o
MGPIO_voidSetPinDirection                         src\GPIO_program.o
                                                  src\main.o
MGPIO_voidSetPinValue                             src\GPIO_program.o
                                                  src\main.o
                                                  src\TFT_program.o
                                                  src\SPI_program.o
MNVIC_u8GetActiveFlag                             src\NVIC_program.o
MNVIC_voidClearPendingFlag                        src\NVIC_program.o
MNVIC_voidDisableInterrupt                        src\NVIC_program.o
MNVIC_voidEnableInterrupt                         src\NVIC_program.o
                                                  src\main.o
MNVIC_voidInit                                    src\NVIC_program.o
                                                  src\main.o
MNVIC_voidSetPendingFlag                          src\NVIC_program.o
MNVIC_voidSetPriority                             src\NVIC_program.o
                                                  src\main.o
MSPI1_voidInit                                    src\SPI_program.o
MSPI1_voidSendReceiveSynch                        src\SPI_program.o
MSPI2_voidInit                                    src\SPI_program.o
                                                  src\main.o
MSPI2_voidSendReceiveSynch                        src\SPI_program.o
                                                  src\TFT_program.o
MSTK_u32GetElapsedTime                            src\STK_program.o
MSTK_u32GetRemainingTime                          src\STK_program.o
MSTK_voidInit                                     src\STK_program.o
                                                  src\main.o
MSTK_voidSetBusyWait                              src\STK_program.o
                                                  src\main.o
                                                  src\TFT_program.o
                                                  src\ADC_program.o
MSTK_voidSetIntervalPeriodic                      src\STK_program.o
MSTK_voidSetIntervalSingle                        src\STK_program.o
MSTK_voidStopInterval                             src\STK_program.o
MTIMER2_u16ReadCapture                            src\TIMER2_program.o
                                                  src\main.o
MTIMER2_voidClearCounter                          src\TIMER2_program.o
                                                  src\main.o
MTIMER2_voidClearFlags                            src\TIMER2_program.o
                                                  src\main.o
MTIMER2_voidDisableInterrupt                      src\TIMER2_program.o
                                                  src\main.o
MTIMER2_voidEnableInterrupt                       src\TIMER2_program.o
                                                  src\main.o
MTIMER2_voidInit                                  src\TIMER2_program.o
                                                  src\main.o
MTIMER2_voidSetCallBack                           src\TIMER2_program.o
                                                  src\main.o
MeasureFrequency                                  src\main.o
MemManage_Handler                                 src\stm32f1xx_it.o
                                                  src\startup_stm32f10x_md.o
NMI_Handler                                       src\stm32f1xx_it.o
                                                  src\startup_stm32f10x_md.o
NVIC_Init                                         Libraries\STM32F10x_StdPeriph_Driver\src\misc.o
NVIC_PriorityGroupConfig                          Libraries\STM32F10x_StdPeriph_Driver\src\misc.o
NVIC_SetVectorTable                               Libraries\STM32F10x_StdPeriph_Driver\src\misc.o
NVIC_SystemLPConfig                               Libraries\STM32F10x_StdPeriph_Driver\src\misc.o
OverCaptureCompareCall                            src\TIMER2_program.o
PVD_IRQHandler                                    src\startup_stm32f10x_md.o
PWR_BackupAccessCmd                               Libraries\STM32F10x_StdPeriph_Driver\src\stm32f10x_pwr.o
PWR_ClearFlag                                     Libraries\STM32F10x_StdPeriph_Driver\src\stm32f10x_pwr.o
PWR_DeInit                                        Libraries\STM32F10x_StdPeriph_Driver\src\stm32f10x_pwr.o
PWR_EnterSTANDBYMode                              Libraries\STM32F10x_StdPeriph_Driver\src\stm32f10x_pwr.o
PWR_EnterSTOPMode                                 Libraries\STM32F10x_StdPeriph_Driver\src\stm32f10x_pwr.o
PWR_GetFlagStatus                                 Libraries\STM32F10x_StdPeriph_Driver\src\stm32f10x_pwr.o
PWR_PVDCmd                                        Libraries\STM32F10x_StdPeriph_Driver\src\stm32f10x_pwr.o
PWR_PVDLevelConfig                                Libraries\STM32F10x_StdPeriph_Driver\src\stm32f10x_pwr.o
PWR_WakeUpPinCmd                                  Libraries\STM32F10x_StdPeriph_Driver\src\stm32f10x_pwr.o
PendSV_Handler                                    src\stm32f1xx_it.o
                                                  src\startup_stm32f10x_md.o
Peripheral_Enable                                 src\main.o
Pin_init                                          src\main.o
Process_Record                                    src\main.o
RCC_ADCCLKConfig                                  Libraries\STM32F10x_StdPeriph_Driver\src\stm32f10x_rcc.o
RCC_AHBPeriphClockCmd                             Libraries\STM32F10x_StdPeriph_Driver\src\stm32f10x_rcc.o
RCC_APB1PeriphClockCmd                            Libraries\STM32F10x_StdPeriph_Driver\src\stm32f10x_rcc.o
RCC_APB1PeriphResetCmd                            Libraries\STM32F10x_StdPeriph_Driver\src\stm32f10x_rcc.o
                                                  Libraries\STM32F10x_StdPeriph_Driver\src\stm32f10x_wwdg.o
                                                  Libraries\STM32F10x_StdPeriph_Driver\src\stm32f10x_usart.o
                                                  Libraries\STM32F10x_StdPeriph_Driver\src\stm32f10x_tim.o
                                                  Libraries\STM32F10x_StdPeriph_Driver\src\stm32f10x_spi.o
                                                  Libraries\STM32F10x_StdPeriph_Driver\src\stm32f10x_pwr.o
                                                  Libraries\STM32F10x_StdPeriph_Driver\src\stm32f10x_i2c.o
                                                  Libraries\STM32F10x_StdPeriph_Driver\src\stm32f10x_dac.o